Archive member included to satisfy reference by file (symbol)

/home/test/nrf5/gcc-arm-none-eabi-7-2018-q2-update/bin/../lib/gcc/arm-none-eabi/7.3.1/../../../../arm-none-eabi/lib/thumb/v6-m/libc_nano.a(lib_a-exit.o)
                              /home/test/nrf5/gcc-arm-none-eabi-7-2018-q2-update/bin/../lib/gcc/arm-none-eabi/7.3.1/../../../../arm-none-eabi/lib/thumb/v6-m/crt0.o (exit)
/home/test/nrf5/gcc-arm-none-eabi-7-2018-q2-update/bin/../lib/gcc/arm-none-eabi/7.3.1/../../../../arm-none-eabi/lib/thumb/v6-m/libc_nano.a(lib_a-impure.o)
                              /home/test/nrf5/gcc-arm-none-eabi-7-2018-q2-update/bin/../lib/gcc/arm-none-eabi/7.3.1/../../../../arm-none-eabi/lib/thumb/v6-m/libc_nano.a(lib_a-exit.o) (_global_impure_ptr)
/home/test/nrf5/gcc-arm-none-eabi-7-2018-q2-update/bin/../lib/gcc/arm-none-eabi/7.3.1/../../../../arm-none-eabi/lib/thumb/v6-m/libc_nano.a(lib_a-init.o)
                              /home/test/nrf5/gcc-arm-none-eabi-7-2018-q2-update/bin/../lib/gcc/arm-none-eabi/7.3.1/../../../../arm-none-eabi/lib/thumb/v6-m/crt0.o (__libc_init_array)
/home/test/nrf5/gcc-arm-none-eabi-7-2018-q2-update/bin/../lib/gcc/arm-none-eabi/7.3.1/../../../../arm-none-eabi/lib/thumb/v6-m/libc_nano.a(lib_a-memset.o)
                              /home/test/nrf5/gcc-arm-none-eabi-7-2018-q2-update/bin/../lib/gcc/arm-none-eabi/7.3.1/../../../../arm-none-eabi/lib/thumb/v6-m/crt0.o (memset)
/home/test/nrf5/gcc-arm-none-eabi-7-2018-q2-update/bin/../lib/gcc/arm-none-eabi/7.3.1/../../../../arm-none-eabi/lib/thumb/v6-m/libnosys.a(_exit.o)
                              /home/test/nrf5/gcc-arm-none-eabi-7-2018-q2-update/bin/../lib/gcc/arm-none-eabi/7.3.1/../../../../arm-none-eabi/lib/thumb/v6-m/libc_nano.a(lib_a-exit.o) (_exit)
/home/test/nrf5/gcc-arm-none-eabi-7-2018-q2-update/bin/../lib/gcc/arm-none-eabi/7.3.1/thumb/v6-m/libgcc.a(_udivsi3.o)
                              _build/nrf51822_xxaa_app_pwm.c.o (__aeabi_uidiv)
/home/test/nrf5/gcc-arm-none-eabi-7-2018-q2-update/bin/../lib/gcc/arm-none-eabi/7.3.1/thumb/v6-m/libgcc.a(_divsi3.o)
                              _build/nrf51822_xxaa_app_pwm.c.o (__aeabi_idiv)
/home/test/nrf5/gcc-arm-none-eabi-7-2018-q2-update/bin/../lib/gcc/arm-none-eabi/7.3.1/thumb/v6-m/libgcc.a(_dvmd_tls.o)
                              /home/test/nrf5/gcc-arm-none-eabi-7-2018-q2-update/bin/../lib/gcc/arm-none-eabi/7.3.1/thumb/v6-m/libgcc.a(_udivsi3.o) (__aeabi_idiv0)
/home/test/nrf5/gcc-arm-none-eabi-7-2018-q2-update/bin/../lib/gcc/arm-none-eabi/7.3.1/thumb/v6-m/libgcc.a(_clzsi2.o)
                              _build/nrf51822_xxaa_nrf_csense.c.o (__clzsi2)
/home/test/nrf5/gcc-arm-none-eabi-7-2018-q2-update/bin/../lib/gcc/arm-none-eabi/7.3.1/thumb/v6-m/libgcc.a(_fixunsdfsi.o)
                              _build/nrf51822_xxaa_nrf_drv_csense.c.o (__aeabi_d2uiz)
/home/test/nrf5/gcc-arm-none-eabi-7-2018-q2-update/bin/../lib/gcc/arm-none-eabi/7.3.1/thumb/v6-m/libgcc.a(muldf3.o)
                              _build/nrf51822_xxaa_nrf_drv_csense.c.o (__aeabi_dmul)
/home/test/nrf5/gcc-arm-none-eabi-7-2018-q2-update/bin/../lib/gcc/arm-none-eabi/7.3.1/thumb/v6-m/libgcc.a(subdf3.o)
                              /home/test/nrf5/gcc-arm-none-eabi-7-2018-q2-update/bin/../lib/gcc/arm-none-eabi/7.3.1/thumb/v6-m/libgcc.a(_fixunsdfsi.o) (__aeabi_dsub)
/home/test/nrf5/gcc-arm-none-eabi-7-2018-q2-update/bin/../lib/gcc/arm-none-eabi/7.3.1/thumb/v6-m/libgcc.a(fixdfsi.o)
                              /home/test/nrf5/gcc-arm-none-eabi-7-2018-q2-update/bin/../lib/gcc/arm-none-eabi/7.3.1/thumb/v6-m/libgcc.a(_fixunsdfsi.o) (__aeabi_d2iz)
/home/test/nrf5/gcc-arm-none-eabi-7-2018-q2-update/bin/../lib/gcc/arm-none-eabi/7.3.1/thumb/v6-m/libgcc.a(floatsidf.o)
                              _build/nrf51822_xxaa_nrf_drv_csense.c.o (__aeabi_i2d)
/home/test/nrf5/gcc-arm-none-eabi-7-2018-q2-update/bin/../lib/gcc/arm-none-eabi/7.3.1/thumb/v6-m/libgcc.a(_arm_cmpdf2.o)
                              /home/test/nrf5/gcc-arm-none-eabi-7-2018-q2-update/bin/../lib/gcc/arm-none-eabi/7.3.1/thumb/v6-m/libgcc.a(_fixunsdfsi.o) (__aeabi_dcmpge)
/home/test/nrf5/gcc-arm-none-eabi-7-2018-q2-update/bin/../lib/gcc/arm-none-eabi/7.3.1/thumb/v6-m/libgcc.a(eqdf2.o)
                              /home/test/nrf5/gcc-arm-none-eabi-7-2018-q2-update/bin/../lib/gcc/arm-none-eabi/7.3.1/thumb/v6-m/libgcc.a(_arm_cmpdf2.o) (__eqdf2)
/home/test/nrf5/gcc-arm-none-eabi-7-2018-q2-update/bin/../lib/gcc/arm-none-eabi/7.3.1/thumb/v6-m/libgcc.a(gedf2.o)
                              /home/test/nrf5/gcc-arm-none-eabi-7-2018-q2-update/bin/../lib/gcc/arm-none-eabi/7.3.1/thumb/v6-m/libgcc.a(_arm_cmpdf2.o) (__gedf2)
/home/test/nrf5/gcc-arm-none-eabi-7-2018-q2-update/bin/../lib/gcc/arm-none-eabi/7.3.1/thumb/v6-m/libgcc.a(ledf2.o)
                              /home/test/nrf5/gcc-arm-none-eabi-7-2018-q2-update/bin/../lib/gcc/arm-none-eabi/7.3.1/thumb/v6-m/libgcc.a(_arm_cmpdf2.o) (__ledf2)
[...]
Memory Configuration

Name             Origin             Length             Attributes
FLASH            0x0000000000000000 0x0000000000040000 xr
RAM              0x0000000020000000 0x0000000000004000 xrw
*default*        0x0000000000000000 0xffffffffffffffff

Linker script and memory map


.text           0x0000000000000000     0x2fc0
 *(.isr_vector)
 .isr_vector    0x0000000000000000       0xc0 _build/nrf51822_xxaa_gcc_startup_nrf51.S.o
                0x0000000000000000                __isr_vector
 *(.text*)
 .text          0x00000000000000c0       0x48 /home/test/nrf5/gcc-arm-none-eabi-7-2018-q2-update/bin/../lib/gcc/arm-none-eabi/7.3.1/thumb/v6-m/crtbegin.o
 .text          0x0000000000000108       0x78 /home/test/nrf5/gcc-arm-none-eabi-7-2018-q2-update/bin/../lib/gcc/arm-none-eabi/7.3.1/../../../../arm-none-eabi/lib/thumb/v6-m/crt0.o
                0x0000000000000108                _mainCRTStartup
                0x0000000000000108                _start
 .text.exit     0x0000000000000180       0x2c /home/test/nrf5/gcc-arm-none-eabi-7-2018-q2-update/bin/../lib/gcc/arm-none-eabi/7.3.1/../../../../arm-none-eabi/lib/thumb/v6-m/libc_nano.a(lib_a-exit.o)
                0x0000000000000180                exit
 .text.__libc_init_array
                0x00000000000001ac       0x48 /home/test/nrf5/gcc-arm-none-eabi-7-2018-q2-update/bin/../lib/gcc/arm-none-eabi/7.3.1/../../../../arm-none-eabi/lib/thumb/v6-m/libc_nano.a(lib_a-init.o)
                0x00000000000001ac                __libc_init_array
 .text.memset   0x00000000000001f4       0x10 /home/test/nrf5/gcc-arm-none-eabi-7-2018-q2-update/bin/../lib/gcc/arm-none-eabi/7.3.1/../../../../arm-none-eabi/lib/thumb/v6-m/libc_nano.a(lib_a-memset.o)
                0x00000000000001f4                memset
 .text._exit    0x0000000000000204        0x4 /home/test/nrf5/gcc-arm-none-eabi-7-2018-q2-update/bin/../lib/gcc/arm-none-eabi/7.3.1/../../../../arm-none-eabi/lib/thumb/v6-m/libnosys.a(_exit.o)
                0x0000000000000204                _exit
 .text.app_error_handler_bare
                0x0000000000000208       0x20 _build/nrf51822_xxaa_app_error.c.o
                0x0000000000000208                app_error_handler_bare
 .text.app_error_fault_handler
                0x0000000000000228       0x1c _build/nrf51822_xxaa_app_error_weak.c.o
                0x0000000000000228                app_error_fault_handler
 .text.pwm_ready_tick
                0x0000000000000244       0x64 _build/nrf51822_xxaa_app_pwm.c.o
                0x0000000000000244                pwm_ready_tick
 .text.app_pwm_channel_duty_ticks_set
                0x00000000000002a8      0x4ac _build/nrf51822_xxaa_app_pwm.c.o
                0x00000000000002a8                app_pwm_channel_duty_ticks_set
 .text.app_pwm_channel_duty_set
                0x0000000000000754      0x4d4 _build/nrf51822_xxaa_app_pwm.c.o
                0x0000000000000754                app_pwm_channel_duty_set
 .text.app_pwm_init
                0x0000000000000c28      0x58c _build/nrf51822_xxaa_app_pwm.c.o
                0x0000000000000c28                app_pwm_init
 .text.app_pwm_enable
                0x00000000000011b4       0xcc _build/nrf51822_xxaa_app_pwm.c.o
                0x00000000000011b4                app_pwm_enable
 .text.RTC1_IRQHandler
                0x0000000000001280       0xdc _build/nrf51822_xxaa_app_timer.c.o
                0x0000000000001280                RTC1_IRQHandler
 .text.SWI0_IRQHandler
                0x000000000000135c      0x4e0 _build/nrf51822_xxaa_app_timer.c.o
                0x000000000000135c                SWI0_IRQHandler
 .text.app_util_critical_region_enter
                0x000000000000183c       0x10 _build/nrf51822_xxaa_app_util_platform.c.o
                0x000000000000183c                app_util_critical_region_enter
 .text.app_util_critical_region_exit
                0x000000000000184c       0x14 _build/nrf51822_xxaa_app_util_platform.c.o
                0x000000000000184c                app_util_critical_region_exit
 .text.HardFault_Handler
                0x0000000000001860       0x34 _build/nrf51822_xxaa_hardfault_handler_gcc.c.o
                0x0000000000001860                HardFault_Handler
 .text.HardFault_process
                0x0000000000001894       0x1c _build/nrf51822_xxaa_hardfault_implementation.c.o
                0x0000000000001894                HardFault_process
 .text.HardFault_c_handler
                0x00000000000018b0        0x8 _build/nrf51822_xxaa_hardfault_implementation.c.o
                0x00000000000018b0                HardFault_c_handler
 .text.nrf_queue_is_full
                0x00000000000018b8       0x1c _build/nrf51822_xxaa_nrf_queue.c.o
                0x00000000000018b8                nrf_queue_is_full
 .text.nrf_queue_push
                0x00000000000018d4       0xc0 _build/nrf51822_xxaa_nrf_queue.c.o
                0x00000000000018d4                nrf_queue_push
 .text.ADC_IRQHandler
                0x0000000000001994       0xac _build/nrf51822_xxaa_nrf_drv_adc.c.o
                0x0000000000001994                ADC_IRQHandler
 .text.nrf_drv_clock_onIRQ
                0x0000000000001a40       0x78 _build/nrf51822_xxaa_nrf_drv_clock.c.o
                0x0000000000001a40                nrf_drv_clock_onIRQ
 .text.SPI0_TWI0_IRQHandler
                0x0000000000001ab8       0x10 _build/nrf51822_xxaa_nrf_drv_common.c.o
                0x0000000000001ab8                SPI0_TWI0_IRQHandler
 .text.SPI1_TWI1_IRQHandler
                0x0000000000001ac8       0x10 _build/nrf51822_xxaa_nrf_drv_common.c.o
                0x0000000000001ac8                SPI1_TWI1_IRQHandler
 .text.LPCOMP_IRQHandler
                0x0000000000001ad8       0x10 _build/nrf51822_xxaa_nrf_drv_common.c.o
                0x0000000000001ad8                LPCOMP_IRQHandler
 .text.POWER_CLOCK_IRQHandler
                0x0000000000001ae8        0xc _build/nrf51822_xxaa_nrf_drv_common.c.o
                0x0000000000001ae8                POWER_CLOCK_IRQHandler
 .text.nrf_drv_common_irq_enable
                0x0000000000001af4       0x68 _build/nrf51822_xxaa_nrf_drv_common.c.o
                0x0000000000001af4                nrf_drv_common_irq_enable
 .text.nrf_drv_gpiote_init
                0x0000000000001b5c       0x64 _build/nrf51822_xxaa_nrf_drv_gpiote.c.o
                0x0000000000001b5c                nrf_drv_gpiote_init
 .text.nrf_drv_gpiote_is_init
                0x0000000000001bc0       0x14 _build/nrf51822_xxaa_nrf_drv_gpiote.c.o
                0x0000000000001bc0                nrf_drv_gpiote_is_init
 .text.nrf_drv_gpiote_out_init
                0x0000000000001bd4       0xcc _build/nrf51822_xxaa_nrf_drv_gpiote.c.o
                0x0000000000001bd4                nrf_drv_gpiote_out_init
 .text.nrf_drv_gpiote_out_uninit
                0x0000000000001ca0       0x48 _build/nrf51822_xxaa_nrf_drv_gpiote.c.o
                0x0000000000001ca0                nrf_drv_gpiote_out_uninit
 .text.nrf_drv_gpiote_out_task_enable
                0x0000000000001ce8       0x38 _build/nrf51822_xxaa_nrf_drv_gpiote.c.o
                0x0000000000001ce8                nrf_drv_gpiote_out_task_enable
 .text.nrf_drv_gpiote_out_task_addr_get
                0x0000000000001d20       0x20 _build/nrf51822_xxaa_nrf_drv_gpiote.c.o
                0x0000000000001d20                nrf_drv_gpiote_out_task_addr_get
 .text.nrf_drv_gpiote_out_task_force
                0x0000000000001d40       0x34 _build/nrf51822_xxaa_nrf_drv_gpiote.c.o
                0x0000000000001d40                nrf_drv_gpiote_out_task_force
 .text.GPIOTE_IRQHandler
                0x0000000000001d74      0x4e0 _build/nrf51822_xxaa_nrf_drv_gpiote.c.o
                0x0000000000001d74                GPIOTE_IRQHandler
 .text.nrf_drv_power_onIRQ
                0x0000000000002254       0x2c _build/nrf51822_xxaa_nrf_drv_power.c.o
                0x0000000000002254                nrf_drv_power_onIRQ
 .text.nrf_drv_ppi_init
                0x0000000000002280       0x18 _build/nrf51822_xxaa_nrf_drv_ppi.c.o
                0x0000000000002280                nrf_drv_ppi_init
 .text.nrf_drv_ppi_channel_alloc
                0x0000000000002298       0x6c _build/nrf51822_xxaa_nrf_drv_ppi.c.o
                0x0000000000002298                nrf_drv_ppi_channel_alloc
 .text.nrf_drv_ppi_channel_free
                0x0000000000002304       0x34 _build/nrf51822_xxaa_nrf_drv_ppi.c.o
                0x0000000000002304                nrf_drv_ppi_channel_free
 .text.nrf_drv_ppi_channel_assign
                0x0000000000002338       0x48 _build/nrf51822_xxaa_nrf_drv_ppi.c.o
                0x0000000000002338                nrf_drv_ppi_channel_assign
 .text.nrf_drv_ppi_channel_enable
                0x0000000000002380       0x38 _build/nrf51822_xxaa_nrf_drv_ppi.c.o
                0x0000000000002380                nrf_drv_ppi_channel_enable
 .text.nrf_drv_ppi_channel_disable
                0x00000000000023b8       0x34 _build/nrf51822_xxaa_nrf_drv_ppi.c.o
                0x00000000000023b8                nrf_drv_ppi_channel_disable
 .text.nrf_drv_ppi_group_alloc
                0x00000000000023ec       0x60 _build/nrf51822_xxaa_nrf_drv_ppi.c.o
                0x00000000000023ec                nrf_drv_ppi_group_alloc
 .text.nrf_drv_ppi_group_free
                0x000000000000244c       0x4c _build/nrf51822_xxaa_nrf_drv_ppi.c.o
                0x000000000000244c                nrf_drv_ppi_group_free
 .text.nrf_drv_ppi_group_enable
                0x0000000000002498       0x2c _build/nrf51822_xxaa_nrf_drv_ppi.c.o
                0x0000000000002498                nrf_drv_ppi_group_enable
 .text.nrf_drv_ppi_channels_remove_from_group
                0x00000000000024c4       0x54 _build/nrf51822_xxaa_nrf_drv_ppi.c.o
                0x00000000000024c4                nrf_drv_ppi_channels_remove_from_group
 .text.nrf_drv_ppi_channels_include_in_group
                0x0000000000002518       0x54 _build/nrf51822_xxaa_nrf_drv_ppi.c.o
                0x0000000000002518                nrf_drv_ppi_channels_include_in_group
 .text.QDEC_IRQHandler
                0x000000000000256c       0xb4 _build/nrf51822_xxaa_nrf_drv_qdec.c.o
                0x000000000000256c                QDEC_IRQHandler
 .text.RNG_IRQHandler
                0x0000000000002620       0x58 _build/nrf51822_xxaa_nrf_drv_rng.c.o
                0x0000000000002620                RNG_IRQHandler
 .text.RTC0_IRQHandler
                0x0000000000002678       0x9c _build/nrf51822_xxaa_nrf_drv_rtc.c.o
                0x0000000000002678                RTC0_IRQHandler
 .text.SWI1_IRQHandler
                0x0000000000002714       0x1c _build/nrf51822_xxaa_nrf_drv_swi.c.o
                0x0000000000002714                SWI1_IRQHandler
 .text.SWI2_IRQHandler
                0x0000000000002730       0x1c _build/nrf51822_xxaa_nrf_drv_swi.c.o
                0x0000000000002730                SWI2_IRQHandler
 .text.SWI3_IRQHandler
                0x000000000000274c       0x1c _build/nrf51822_xxaa_nrf_drv_swi.c.o
                0x000000000000274c                SWI3_IRQHandler
 .text.SWI4_IRQHandler
                0x0000000000002768       0x1c _build/nrf51822_xxaa_nrf_drv_swi.c.o
                0x0000000000002768                SWI4_IRQHandler
 .text.SWI5_IRQHandler
                0x0000000000002784       0x1c _build/nrf51822_xxaa_nrf_drv_swi.c.o
                0x0000000000002784                SWI5_IRQHandler
 .text.nrf_drv_timer_init
                0x00000000000027a0       0xc4 _build/nrf51822_xxaa_nrf_drv_timer.c.o
                0x00000000000027a0                nrf_drv_timer_init
 .text.nrf_drv_timer_uninit
                0x0000000000002864       0x68 _build/nrf51822_xxaa_nrf_drv_timer.c.o
                0x0000000000002864                nrf_drv_timer_uninit
 .text.nrf_drv_timer_enable
                0x00000000000028cc       0x1c _build/nrf51822_xxaa_nrf_drv_timer.c.o
                0x00000000000028cc                nrf_drv_timer_enable
 .text.nrf_drv_timer_clear
                0x00000000000028e8        0x8 _build/nrf51822_xxaa_nrf_drv_timer.c.o
                0x00000000000028e8                nrf_drv_timer_clear
 .text.nrf_drv_timer_compare
                0x00000000000028f0       0x28 _build/nrf51822_xxaa_nrf_drv_timer.c.o
                0x00000000000028f0                nrf_drv_timer_compare
 .text.nrf_drv_timer_extended_compare
                0x0000000000002918       0x4c _build/nrf51822_xxaa_nrf_drv_timer.c.o
                0x0000000000002918                nrf_drv_timer_extended_compare
 .text.nrf_drv_timer_compare_int_enable
                0x0000000000002964       0x24 _build/nrf51822_xxaa_nrf_drv_timer.c.o
                0x0000000000002964                nrf_drv_timer_compare_int_enable
 .text.nrf_drv_timer_compare_int_disable
                0x0000000000002988       0x10 _build/nrf51822_xxaa_nrf_drv_timer.c.o
                0x0000000000002988                nrf_drv_timer_compare_int_disable
 .text.TIMER0_IRQHandler
                0x0000000000002998       0x58 _build/nrf51822_xxaa_nrf_drv_timer.c.o
                0x0000000000002998                TIMER0_IRQHandler
 .text.TIMER1_IRQHandler
                0x00000000000029f0       0x54 _build/nrf51822_xxaa_nrf_drv_timer.c.o
                0x00000000000029f0                TIMER1_IRQHandler
 .text.TIMER2_IRQHandler
                0x0000000000002a44       0x54 _build/nrf51822_xxaa_nrf_drv_timer.c.o
                0x0000000000002a44                TIMER2_IRQHandler
 .text.UART0_IRQHandler
                0x0000000000002a98      0x198 _build/nrf51822_xxaa_nrf_drv_uart.c.o
                0x0000000000002a98                UART0_IRQHandler
 .text.WDT_IRQHandler
                0x0000000000002c30       0x28 _build/nrf51822_xxaa_nrf_drv_wdt.c.o
                0x0000000000002c30                WDT_IRQHandler
 .text.pwm_ready_callback.6628
                0x0000000000002c58        0x4 _build/nrf51822_xxaa_main.c.o
 .text.startup.main
                0x0000000000002c5c       0xb8 _build/nrf51822_xxaa_main.c.o
                0x0000000000002c5c                main
 .text          0x0000000000002d14       0x4c _build/nrf51822_xxaa_gcc_startup_nrf51.S.o
                0x0000000000002d14                Reset_Handler
                0x0000000000002d54                NMI_Handler
                0x0000000000002d58                SVC_Handler
                0x0000000000002d5a                PendSV_Handler
                0x0000000000002d5c                SysTick_Handler
                0x0000000000002d5e                RADIO_IRQHandler
                0x0000000000002d5e                TEMP_IRQHandler
                0x0000000000002d5e                ECB_IRQHandler
                0x0000000000002d5e                Default_Handler
                0x0000000000002d5e                CCM_AAR_IRQHandler
 .text.SystemInit
                0x0000000000002d60       0xe4 _build/nrf51822_xxaa_system_nrf51.c.o
                0x0000000000002d60                SystemInit
 .text          0x0000000000002e44      0x114 /home/test/nrf5/gcc-arm-none-eabi-7-2018-q2-update/bin/../lib/gcc/arm-none-eabi/7.3.1/thumb/v6-m/libgcc.a(_udivsi3.o)
                0x0000000000002e44                __udivsi3
                0x0000000000002e44                __aeabi_uidiv
                0x0000000000002f50                __aeabi_uidivmod
 .text          0x0000000000002f58        0x4 /home/test/nrf5/gcc-arm-none-eabi-7-2018-q2-update/bin/../lib/gcc/arm-none-eabi/7.3.1/thumb/v6-m/libgcc.a(_dvmd_tls.o)
                0x0000000000002f58                __aeabi_ldiv0
                0x0000000000002f58                __aeabi_idiv0
 .text.memcpy   0x0000000000002f5c       0x12 /home/test/nrf5/gcc-arm-none-eabi-7-2018-q2-update/bin/../lib/gcc/arm-none-eabi/7.3.1/../../../../arm-none-eabi/lib/thumb/v6-m/libc_nano.a(lib_a-memcpy-stub.o)
                0x0000000000002f5c                memcpy
 *(.init)
 *fill*         0x0000000000002f6e        0x2 
 .init          0x0000000000002f70        0x4 /home/test/nrf5/gcc-arm-none-eabi-7-2018-q2-update/bin/../lib/gcc/arm-none-eabi/7.3.1/thumb/v6-m/crti.o
                0x0000000000002f70                _init
 .init          0x0000000000002f74        0x8 /home/test/nrf5/gcc-arm-none-eabi-7-2018-q2-update/bin/../lib/gcc/arm-none-eabi/7.3.1/thumb/v6-m/crtn.o
 *(.fini)
 .fini          0x0000000000002f7c        0x4 /home/test/nrf5/gcc-arm-none-eabi-7-2018-q2-update/bin/../lib/gcc/arm-none-eabi/7.3.1/thumb/v6-m/crti.o
                0x0000000000002f7c                _fini
 .fini          0x0000000000002f80        0x8 /home/test/nrf5/gcc-arm-none-eabi-7-2018-q2-update/bin/../lib/gcc/arm-none-eabi/7.3.1/thumb/v6-m/crtn.o
 *crtbegin.o(.ctors)
 *crtbegin?.o(.ctors)
 *(EXCLUDE_FILE(*crtend.o *crtend?.o) .ctors)
 *(SORT_BY_NAME(.ctors.*))
 *(.ctors)
 *crtbegin.o(.dtors)
 *crtbegin?.o(.dtors)
 *(EXCLUDE_FILE(*crtend.o *crtend?.o) .dtors)
 *(SORT_BY_NAME(.dtors.*))
 *(.dtors)
 *(.rodata*)
 .rodata._global_impure_ptr
                0x0000000000002f88        0x4 /home/test/nrf5/gcc-arm-none-eabi-7-2018-q2-update/bin/../lib/gcc/arm-none-eabi/7.3.1/../../../../arm-none-eabi/lib/thumb/v6-m/libc_nano.a(lib_a-impure.o)
                0x0000000000002f88                _global_impure_ptr
 .rodata.m_rand_pool
                0x0000000000002f8c       0x14 _build/nrf51822_xxaa_nrf_drv_rng.c.o
 .rodata        0x0000000000002fa0       0x1c _build/nrf51822_xxaa_main.c.o
 *(.eh_frame*)
 .eh_frame      0x0000000000002fbc        0x0 /home/test/nrf5/gcc-arm-none-eabi-7-2018-q2-update/bin/../lib/gcc/arm-none-eabi/7.3.1/thumb/v6-m/crtbegin.o
 .eh_frame      0x0000000000002fbc        0x4 /home/test/nrf5/gcc-arm-none-eabi-7-2018-q2-update/bin/../lib/gcc/arm-none-eabi/7.3.1/thumb/v6-m/crtend.o

.glue_7         0x0000000000002fc0        0x0
 .glue_7        0x0000000000002fc0        0x0 linker stubs

.glue_7t        0x0000000000002fc0        0x0
 .glue_7t       0x0000000000002fc0        0x0 linker stubs

.vfp11_veneer   0x0000000000002fc0        0x0
 .vfp11_veneer  0x0000000000002fc0        0x0 linker stubs

.v4_bx          0x0000000000002fc0        0x0
 .v4_bx         0x0000000000002fc0        0x0 linker stubs

.iplt           0x0000000000002fc0        0x0
 .iplt          0x0000000000002fc0        0x0 /home/test/nrf5/gcc-arm-none-eabi-7-2018-q2-update/bin/../lib/gcc/arm-none-eabi/7.3.1/thumb/v6-m/crtbegin.o

.ARM.extab
 *(.ARM.extab* .gnu.linkonce.armextab.*)
                0x0000000000002fc0                __exidx_start = .

.ARM.exidx      0x0000000000002fc0        0x8
 *(.ARM.exidx* .gnu.linkonce.armexidx.*)
 .ARM.exidx     0x0000000000002fc0        0x8 /home/test/nrf5/gcc-arm-none-eabi-7-2018-q2-update/bin/../lib/gcc/arm-none-eabi/7.3.1/../../../../arm-none-eabi/lib/thumb/v6-m/crt0.o
                0x0000000000002fc8                __exidx_end = .
                0x0000000000002fc8                __etext = .

.rel.dyn        0x0000000000002fc8        0x0
 .rel.iplt      0x0000000000002fc8        0x0 /home/test/nrf5/gcc-arm-none-eabi-7-2018-q2-update/bin/../lib/gcc/arm-none-eabi/7.3.1/thumb/v6-m/crtbegin.o

.data           0x0000000020000000       0x6c load address 0x0000000000002fc8
                0x0000000020000000                __data_start__ = .
 *(vtable)
 *(.data*)
 .data.impure_data
                0x0000000020000000       0x60 /home/test/nrf5/gcc-arm-none-eabi-7-2018-q2-update/bin/../lib/gcc/arm-none-eabi/7.3.1/../../../../arm-none-eabi/lib/thumb/v6-m/libc_nano.a(lib_a-impure.o)
 .data.SystemCoreClock
                0x0000000020000060        0x4 _build/nrf51822_xxaa_system_nrf51.c.o
                0x0000000020000060                SystemCoreClock
                0x0000000020000064                . = ALIGN (0x4)
                0x0000000020000064                PROVIDE (__preinit_array_start = .)
 *(.preinit_array)
                0x0000000020000064                PROVIDE (__preinit_array_end = .)
                0x0000000020000064                . = ALIGN (0x4)
                0x0000000020000064                PROVIDE (__init_array_start = .)
 *(SORT_BY_NAME(.init_array.*))
 *(.init_array)
 .init_array    0x0000000020000064        0x4 /home/test/nrf5/gcc-arm-none-eabi-7-2018-q2-update/bin/../lib/gcc/arm-none-eabi/7.3.1/thumb/v6-m/crtbegin.o
                0x0000000020000068                PROVIDE (__init_array_end = .)
                0x0000000020000068                . = ALIGN (0x4)
                [!provide]                        PROVIDE (__fini_array_start = .)
 *(SORT_BY_NAME(.fini_array.*))
 *(.fini_array)
 .fini_array    0x0000000020000068        0x4 /home/test/nrf5/gcc-arm-none-eabi-7-2018-q2-update/bin/../lib/gcc/arm-none-eabi/7.3.1/thumb/v6-m/crtbegin.o
                [!provide]                        PROVIDE (__fini_array_end = .)
 *(.jcr*)
                0x000000002000006c                . = ALIGN (0x4)
                0x000000002000006c                __data_end__ = .
LOAD /home/test/nrf5/gcc-arm-none-eabi-7-2018-q2-update/bin/../lib/gcc/arm-none-eabi/7.3.1/thumb/v6-m/crti.o
LOAD /home/test/nrf5/gcc-arm-none-eabi-7-2018-q2-update/bin/../lib/gcc/arm-none-eabi/7.3.1/thumb/v6-m/crtbegin.o
LOAD /home/test/nrf5/gcc-arm-none-eabi-7-2018-q2-update/bin/../lib/gcc/arm-none-eabi/7.3.1/../../../../arm-none-eabi/lib/thumb/v6-m/crt0.o
LOAD /home/test/nrf5/gcc-arm-none-eabi-7-2018-q2-update/bin/../lib/gcc/arm-none-eabi/7.3.1/../../../../arm-none-eabi/lib/thumb/v6-m/libc_nano.a
LOAD /home/test/nrf5/gcc-arm-none-eabi-7-2018-q2-update/bin/../lib/gcc/arm-none-eabi/7.3.1/../../../../arm-none-eabi/lib/thumb/v6-m/libnosys.a
LOAD _build/nrf51822_xxaa_nrf_log_backend_serial.c.o
LOAD _build/nrf51822_xxaa_nrf_log_frontend.c.o
LOAD _build/nrf51822_xxaa_app_button.c.o
LOAD _build/nrf51822_xxaa_app_error.c.o
LOAD _build/nrf51822_xxaa_app_error_weak.c.o
LOAD _build/nrf51822_xxaa_app_fifo.c.o
LOAD _build/nrf51822_xxaa_app_gpiote.c.o
LOAD _build/nrf51822_xxaa_app_pwm.c.o
LOAD _build/nrf51822_xxaa_app_scheduler.c.o
LOAD _build/nrf51822_xxaa_app_timer.c.o
LOAD _build/nrf51822_xxaa_app_twi.c.o
LOAD _build/nrf51822_xxaa_app_uart_fifo.c.o
LOAD _build/nrf51822_xxaa_app_util_platform.c.o
LOAD _build/nrf51822_xxaa_crc16.c.o
LOAD _build/nrf51822_xxaa_crc32.c.o
LOAD _build/nrf51822_xxaa_hardfault_handler_gcc.c.o
LOAD _build/nrf51822_xxaa_hardfault_implementation.c.o
LOAD _build/nrf51822_xxaa_hci_mem_pool.c.o
LOAD _build/nrf51822_xxaa_hci_slip.c.o
LOAD _build/nrf51822_xxaa_hci_transport.c.o
LOAD _build/nrf51822_xxaa_led_softblink.c.o
LOAD _build/nrf51822_xxaa_low_power_pwm.c.o
LOAD _build/nrf51822_xxaa_mem_manager.c.o
LOAD _build/nrf51822_xxaa_nrf_assert.c.o
LOAD _build/nrf51822_xxaa_nrf_csense.c.o
LOAD _build/nrf51822_xxaa_nrf_drv_csense.c.o
LOAD _build/nrf51822_xxaa_nrf_queue.c.o
LOAD _build/nrf51822_xxaa_sdk_errors.c.o
LOAD _build/nrf51822_xxaa_slip.c.o
LOAD _build/nrf51822_xxaa_boards.c.o
LOAD _build/nrf51822_xxaa_nrf_adc.c.o
LOAD _build/nrf51822_xxaa_nrf_drv_adc.c.o
LOAD _build/nrf51822_xxaa_nrf_drv_clock.c.o
LOAD _build/nrf51822_xxaa_nrf_drv_common.c.o
LOAD _build/nrf51822_xxaa_nrf_drv_gpiote.c.o
LOAD _build/nrf51822_xxaa_nrf_drv_i2s.c.o
LOAD _build/nrf51822_xxaa_nrf_drv_lpcomp.c.o
LOAD _build/nrf51822_xxaa_nrf_drv_pdm.c.o
LOAD _build/nrf51822_xxaa_nrf_drv_power.c.o
LOAD _build/nrf51822_xxaa_nrf_drv_ppi.c.o
LOAD _build/nrf51822_xxaa_nrf_drv_pwm.c.o
LOAD _build/nrf51822_xxaa_nrf_drv_qdec.c.o
LOAD _build/nrf51822_xxaa_nrf_drv_rng.c.o
LOAD _build/nrf51822_xxaa_nrf_drv_rtc.c.o
LOAD _build/nrf51822_xxaa_nrf_drv_saadc.c.o
LOAD _build/nrf51822_xxaa_nrf_drv_spi.c.o
LOAD _build/nrf51822_xxaa_nrf_drv_spis.c.o
LOAD _build/nrf51822_xxaa_nrf_drv_swi.c.o
LOAD _build/nrf51822_xxaa_nrf_drv_timer.c.o
LOAD _build/nrf51822_xxaa_nrf_drv_twi.c.o
LOAD _build/nrf51822_xxaa_nrf_drv_twis.c.o
LOAD _build/nrf51822_xxaa_nrf_drv_uart.c.o
LOAD _build/nrf51822_xxaa_nrf_drv_wdt.c.o
LOAD _build/nrf51822_xxaa_nrf_nvic.c.o
LOAD _build/nrf51822_xxaa_nrf_saadc.c.o
LOAD _build/nrf51822_xxaa_nrf_soc.c.o
LOAD _build/nrf51822_xxaa_bsp.c.o
LOAD _build/nrf51822_xxaa_bsp_nfc.c.o
LOAD _build/nrf51822_xxaa_main.c.o
LOAD _build/nrf51822_xxaa_RTT_Syscalls_GCC.c.o
LOAD _build/nrf51822_xxaa_SEGGER_RTT.c.o
LOAD _build/nrf51822_xxaa_SEGGER_RTT_printf.c.o
LOAD _build/nrf51822_xxaa_gcc_startup_nrf51.S.o
LOAD _build/nrf51822_xxaa_system_nrf51.c.o
LOAD /home/test/nrf5/gcc-arm-none-eabi-7-2018-q2-update/bin/../lib/gcc/arm-none-eabi/7.3.1/../../../../arm-none-eabi/lib/thumb/v6-m/libm.a
START GROUP
LOAD /home/test/nrf5/gcc-arm-none-eabi-7-2018-q2-update/bin/../lib/gcc/arm-none-eabi/7.3.1/thumb/v6-m/libgcc.a
LOAD /home/test/nrf5/gcc-arm-none-eabi-7-2018-q2-update/bin/../lib/gcc/arm-none-eabi/7.3.1/../../../../arm-none-eabi/lib/thumb/v6-m/libc_nano.a
END GROUP
START GROUP
LOAD /home/test/nrf5/gcc-arm-none-eabi-7-2018-q2-update/bin/../lib/gcc/arm-none-eabi/7.3.1/thumb/v6-m/libgcc.a
LOAD /home/test/nrf5/gcc-arm-none-eabi-7-2018-q2-update/bin/../lib/gcc/arm-none-eabi/7.3.1/../../../../arm-none-eabi/lib/thumb/v6-m/libc_nano.a
END GROUP
LOAD /home/test/nrf5/gcc-arm-none-eabi-7-2018-q2-update/bin/../lib/gcc/arm-none-eabi/7.3.1/thumb/v6-m/crtend.o
LOAD /home/test/nrf5/gcc-arm-none-eabi-7-2018-q2-update/bin/../lib/gcc/arm-none-eabi/7.3.1/thumb/v6-m/crtn.o
START GROUP
LOAD /home/test/nrf5/gcc-arm-none-eabi-7-2018-q2-update/bin/../lib/gcc/arm-none-eabi/7.3.1/thumb/v6-m/libgcc.a
LOAD /home/test/nrf5/gcc-arm-none-eabi-7-2018-q2-update/bin/../lib/gcc/arm-none-eabi/7.3.1/../../../../arm-none-eabi/lib/thumb/v6-m/libc.a
LOAD /home/test/nrf5/gcc-arm-none-eabi-7-2018-q2-update/bin/../lib/gcc/arm-none-eabi/7.3.1/../../../../arm-none-eabi/lib/thumb/v6-m/libnosys.a
END GROUP

.igot.plt       0x000000002000006c        0x0 load address 0x0000000000003034
 .igot.plt      0x000000002000006c        0x0 /home/test/nrf5/gcc-arm-none-eabi-7-2018-q2-update/bin/../lib/gcc/arm-none-eabi/7.3.1/thumb/v6-m/crtbegin.o

.fs_data        0x000000002000006c        0x0
                [!provide]                        PROVIDE (__start_fs_data = .)
 *(.fs_data)
                [!provide]                        PROVIDE (__stop_fs_data = .)

.pwr_mgmt_data  0x000000002000006c        0x0
                [!provide]                        PROVIDE (__start_pwr_mgmt_data = .)
 *(.pwr_mgmt_data)
                [!provide]                        PROVIDE (__stop_pwr_mgmt_data = .)

.bss            0x000000002000006c      0x198 load address 0x0000000000003034
                0x000000002000006c                . = ALIGN (0x4)
                0x000000002000006c                __bss_start__ = .
 *(.bss*)
 .bss           0x000000002000006c       0x1c /home/test/nrf5/gcc-arm-none-eabi-7-2018-q2-update/bin/../lib/gcc/arm-none-eabi/7.3.1/thumb/v6-m/crtbegin.o
 .bss.m_instances
                0x0000000020000088        0xc _build/nrf51822_xxaa_app_pwm.c.o
 .bss.m_pwm_busy
                0x0000000020000094        0x3 _build/nrf51822_xxaa_app_pwm.c.o
 *fill*         0x0000000020000097        0x1 
 .bss.m_pwm_target_value
                0x0000000020000098        0xc _build/nrf51822_xxaa_app_pwm.c.o
 .bss.m_evt_schedule_func
                0x00000000200000a4        0x4 _build/nrf51822_xxaa_app_timer.c.o
 .bss.m_op_queue
                0x00000000200000a8        0x8 _build/nrf51822_xxaa_app_timer.c.o
 .bss.m_rtc1_reset
                0x00000000200000b0        0x1 _build/nrf51822_xxaa_app_timer.c.o
 .bss.m_rtc1_running
                0x00000000200000b1        0x1 _build/nrf51822_xxaa_app_timer.c.o
 *fill*         0x00000000200000b2        0x2 
 .bss.m_ticks_elapsed
                0x00000000200000b4        0x8 _build/nrf51822_xxaa_app_timer.c.o
 .bss.m_ticks_elapsed_q_read_ind
                0x00000000200000bc        0x1 _build/nrf51822_xxaa_app_timer.c.o
 .bss.m_ticks_elapsed_q_write_ind
                0x00000000200000bd        0x1 _build/nrf51822_xxaa_app_timer.c.o
 *fill*         0x00000000200000be        0x2 
 .bss.m_ticks_latest
                0x00000000200000c0        0x4 _build/nrf51822_xxaa_app_timer.c.o
 .bss.mp_timer_id_head
                0x00000000200000c4        0x4 _build/nrf51822_xxaa_app_timer.c.o
 .bss.m_in_critical_region
                0x00000000200000c8        0x4 _build/nrf51822_xxaa_app_util_platform.c.o
 .bss.m_cb      0x00000000200000cc       0x14 _build/nrf51822_xxaa_nrf_drv_adc.c.o
 .bss.m_clock_cb
                0x00000000200000e0       0x14 _build/nrf51822_xxaa_nrf_drv_clock.c.o
 .bss.m_comp_lpcomp
                0x00000000200000f4        0x8 _build/nrf51822_xxaa_nrf_drv_common.c.o
 .bss.m_serial_box_0
                0x00000000200000fc        0x8 _build/nrf51822_xxaa_nrf_drv_common.c.o
 .bss.m_serial_box_1
                0x0000000020000104        0x8 _build/nrf51822_xxaa_nrf_drv_common.c.o
 .bss.m_cb      0x000000002000010c       0x48 _build/nrf51822_xxaa_nrf_drv_gpiote.c.o
 .bss.m_pofwarn_handler
                0x0000000020000154        0x4 _build/nrf51822_xxaa_nrf_drv_power.c.o
 .bss.m_channels_allocated
                0x0000000020000158        0x4 _build/nrf51822_xxaa_nrf_drv_ppi.c.o
 .bss.m_drv_state
                0x000000002000015c        0x1 _build/nrf51822_xxaa_nrf_drv_ppi.c.o
 .bss.m_groups_allocated
                0x000000002000015d        0x1 _build/nrf51822_xxaa_nrf_drv_ppi.c.o
 *fill*         0x000000002000015e        0x2 
 .bss.m_qdec_event_handler
                0x0000000020000160        0x4 _build/nrf51822_xxaa_nrf_drv_qdec.c.o
 .bss.m_rand_pool_nrf_queue_buffer
                0x0000000020000164       0x21 _build/nrf51822_xxaa_nrf_drv_rng.c.o
 *fill*         0x0000000020000185        0x3 
 .bss.m_rand_pool_nrf_queue_cb
                0x0000000020000188        0xc _build/nrf51822_xxaa_nrf_drv_rng.c.o
 .bss.m_handlers
                0x0000000020000194        0x4 _build/nrf51822_xxaa_nrf_drv_rtc.c.o
 .bss.m_swi_flags
                0x0000000020000198        0xa _build/nrf51822_xxaa_nrf_drv_swi.c.o
 *fill*         0x00000000200001a2        0x2 
 .bss.m_swi_handlers
                0x00000000200001a4       0x14 _build/nrf51822_xxaa_nrf_drv_swi.c.o
 .bss.m_cb      0x00000000200001b8       0x24 _build/nrf51822_xxaa_nrf_drv_timer.c.o
 .bss.m_cb      0x00000000200001dc       0x1c _build/nrf51822_xxaa_nrf_drv_uart.c.o
 .bss.m_wdt_event_handler
                0x00000000200001f8        0x4 _build/nrf51822_xxaa_nrf_drv_wdt.c.o
 *(COMMON)
 COMMON         0x00000000200001fc        0x6 _build/nrf51822_xxaa_app_pwm.c.o
                0x00000000200001fc                m_pwm_ready_counter
                0x0000000020000204                . = ALIGN (0x4)
 *fill*         0x0000000020000202        0x2 
                0x0000000020000204                __bss_end__ = .

.heap           0x0000000020000208      0x800
                0x0000000020000208                __HeapBase = .
                0x0000000020000208                __end__ = .
                [!provide]                        PROVIDE (end = .)
 *(.heap*)
 .heap          0x0000000020000208      0x800 _build/nrf51822_xxaa_gcc_startup_nrf51.S.o
                0x0000000020000a08                __HeapLimit = .

.stack_dummy    0x0000000020000208      0x800
 *(.stack*)
 .stack         0x0000000020000208      0x800 _build/nrf51822_xxaa_gcc_startup_nrf51.S.o
                0x0000000020004000                __StackTop = (ORIGIN (RAM) + LENGTH (RAM))
                0x0000000020003800                __StackLimit = (__StackTop - SIZEOF (.stack_dummy))
                0x0000000020004000                PROVIDE (__stack = __StackTop)
                0x0000000000000001                ASSERT ((__StackLimit >= __HeapLimit), region RAM overflowed with stack)
OUTPUT(_build/nrf51822_xxaa.out elf32-littlearm)

.ARM.attributes
                0x0000000000000000       0x28
 .ARM.attributes
                0x0000000000000000       0x1e /home/test/nrf5/gcc-arm-none-eabi-7-2018-q2-update/bin/../lib/gcc/arm-none-eabi/7.3.1/thumb/v6-m/crti.o
 .ARM.attributes
                0x000000000000001e       0x2c /home/test/nrf5/gcc-arm-none-eabi-7-2018-q2-update/bin/../lib/gcc/arm-none-eabi/7.3.1/thumb/v6-m/crtbegin.o
 .ARM.attributes
                0x000000000000004a       0x1b /home/test/nrf5/gcc-arm-none-eabi-7-2018-q2-update/bin/../lib/gcc/arm-none-eabi/7.3.1/../../../../arm-none-eabi/lib/thumb/v6-m/crt0.o
 .ARM.attributes
                0x0000000000000065       0x2c /home/test/nrf5/gcc-arm-none-eabi-7-2018-q2-update/bin/../lib/gcc/arm-none-eabi/7.3.1/../../../../arm-none-eabi/lib/thumb/v6-m/libc_nano.a(lib_a-exit.o)
 .ARM.attributes
                0x0000000000000091       0x2c /home/test/nrf5/gcc-arm-none-eabi-7-2018-q2-update/bin/../lib/gcc/arm-none-eabi/7.3.1/../../../../arm-none-eabi/lib/thumb/v6-m/libc_nano.a(lib_a-impure.o)
 .ARM.attributes
                0x00000000000000bd       0x2c /home/test/nrf5/gcc-arm-none-eabi-7-2018-q2-update/bin/../lib/gcc/arm-none-eabi/7.3.1/../../../../arm-none-eabi/lib/thumb/v6-m/libc_nano.a(lib_a-init.o)
 .ARM.attributes
                0x00000000000000e9       0x2c /home/test/nrf5/gcc-arm-none-eabi-7-2018-q2-update/bin/../lib/gcc/arm-none-eabi/7.3.1/../../../../arm-none-eabi/lib/thumb/v6-m/libc_nano.a(lib_a-memset.o)
 .ARM.attributes
                0x0000000000000115       0x2c /home/test/nrf5/gcc-arm-none-eabi-7-2018-q2-update/bin/../lib/gcc/arm-none-eabi/7.3.1/../../../../arm-none-eabi/lib/thumb/v6-m/libnosys.a(_exit.o)
 .ARM.attributes
                0x0000000000000141       0x31 _build/nrf51822_xxaa_app_error.c.o
 .ARM.attributes
                0x0000000000000172       0x31 _build/nrf51822_xxaa_app_error_weak.c.o
 .ARM.attributes
                0x00000000000001a3       0x31 _build/nrf51822_xxaa_app_pwm.c.o
 .ARM.attributes
                0x00000000000001d4       0x31 _build/nrf51822_xxaa_app_timer.c.o
 .ARM.attributes
                0x0000000000000205       0x31 _build/nrf51822_xxaa_app_util_platform.c.o
 .ARM.attributes
                0x0000000000000236       0x31 _build/nrf51822_xxaa_hardfault_handler_gcc.c.o
 .ARM.attributes
                0x0000000000000267       0x31 _build/nrf51822_xxaa_hardfault_implementation.c.o
 .ARM.attributes
                0x0000000000000298       0x31 _build/nrf51822_xxaa_nrf_queue.c.o
 .ARM.attributes
                0x00000000000002c9       0x31 _build/nrf51822_xxaa_nrf_drv_adc.c.o
 .ARM.attributes
                0x00000000000002fa       0x31 _build/nrf51822_xxaa_nrf_drv_clock.c.o
 .ARM.attributes
                0x000000000000032b       0x31 _build/nrf51822_xxaa_nrf_drv_common.c.o
 .ARM.attributes
                0x000000000000035c       0x31 _build/nrf51822_xxaa_nrf_drv_gpiote.c.o
 .ARM.attributes
                0x000000000000038d       0x31 _build/nrf51822_xxaa_nrf_drv_power.c.o
 .ARM.attributes
                0x00000000000003be       0x31 _build/nrf51822_xxaa_nrf_drv_ppi.c.o
 .ARM.attributes
                0x00000000000003ef       0x31 _build/nrf51822_xxaa_nrf_drv_qdec.c.o
 .ARM.attributes
                0x0000000000000420       0x31 _build/nrf51822_xxaa_nrf_drv_rng.c.o
 .ARM.attributes
                0x0000000000000451       0x31 _build/nrf51822_xxaa_nrf_drv_rtc.c.o
 .ARM.attributes
                0x0000000000000482       0x31 _build/nrf51822_xxaa_nrf_drv_swi.c.o
 .ARM.attributes
                0x00000000000004b3       0x31 _build/nrf51822_xxaa_nrf_drv_timer.c.o
 .ARM.attributes
                0x00000000000004e4       0x31 _build/nrf51822_xxaa_nrf_drv_uart.c.o
 .ARM.attributes
                0x0000000000000515       0x31 _build/nrf51822_xxaa_nrf_drv_wdt.c.o
 .ARM.attributes
                0x0000000000000546       0x31 _build/nrf51822_xxaa_main.c.o
 .ARM.attributes
                0x0000000000000577       0x1b _build/nrf51822_xxaa_gcc_startup_nrf51.S.o
 .ARM.attributes
                0x0000000000000592       0x31 _build/nrf51822_xxaa_system_nrf51.c.o
 .ARM.attributes
                0x00000000000005c3       0x1e /home/test/nrf5/gcc-arm-none-eabi-7-2018-q2-update/bin/../lib/gcc/arm-none-eabi/7.3.1/thumb/v6-m/libgcc.a(_udivsi3.o)
 .ARM.attributes
                0x00000000000005e1       0x1e /home/test/nrf5/gcc-arm-none-eabi-7-2018-q2-update/bin/../lib/gcc/arm-none-eabi/7.3.1/thumb/v6-m/libgcc.a(_dvmd_tls.o)
 .ARM.attributes
                0x00000000000005ff       0x2c /home/test/nrf5/gcc-arm-none-eabi-7-2018-q2-update/bin/../lib/gcc/arm-none-eabi/7.3.1/../../../../arm-none-eabi/lib/thumb/v6-m/libc_nano.a(lib_a-memcpy-stub.o)
 .ARM.attributes
                0x000000000000062b       0x2c /home/test/nrf5/gcc-arm-none-eabi-7-2018-q2-update/bin/../lib/gcc/arm-none-eabi/7.3.1/thumb/v6-m/crtend.o
 .ARM.attributes
                0x0000000000000657       0x1e /home/test/nrf5/gcc-arm-none-eabi-7-2018-q2-update/bin/../lib/gcc/arm-none-eabi/7.3.1/thumb/v6-m/crtn.o

.comment        0x0000000000000000       0x7f
 .comment       0x0000000000000000       0x7f _build/nrf51822_xxaa_app_error.c.o
                                         0x80 (size before relaxing)
 .comment       0x000000000000007f       0x80 _build/nrf51822_xxaa_app_error_weak.c.o
 .comment       0x000000000000007f       0x80 _build/nrf51822_xxaa_app_pwm.c.o
 .comment       0x000000000000007f       0x80 _build/nrf51822_xxaa_app_timer.c.o
 .comment       0x000000000000007f       0x80 _build/nrf51822_xxaa_app_util_platform.c.o
 .comment       0x000000000000007f       0x80 _build/nrf51822_xxaa_hardfault_handler_gcc.c.o
 .comment       0x000000000000007f       0x80 _build/nrf51822_xxaa_hardfault_implementation.c.o
 .comment       0x000000000000007f       0x80 _build/nrf51822_xxaa_nrf_queue.c.o
 .comment       0x000000000000007f       0x80 _build/nrf51822_xxaa_nrf_drv_adc.c.o
 .comment       0x000000000000007f       0x80 _build/nrf51822_xxaa_nrf_drv_clock.c.o
 .comment       0x000000000000007f       0x80 _build/nrf51822_xxaa_nrf_drv_common.c.o
 .comment       0x000000000000007f       0x80 _build/nrf51822_xxaa_nrf_drv_gpiote.c.o
 .comment       0x000000000000007f       0x80 _build/nrf51822_xxaa_nrf_drv_power.c.o
 .comment       0x000000000000007f       0x80 _build/nrf51822_xxaa_nrf_drv_ppi.c.o
 .comment       0x000000000000007f       0x80 _build/nrf51822_xxaa_nrf_drv_qdec.c.o
 .comment       0x000000000000007f       0x80 _build/nrf51822_xxaa_nrf_drv_rng.c.o
 .comment       0x000000000000007f       0x80 _build/nrf51822_xxaa_nrf_drv_rtc.c.o
 .comment       0x000000000000007f       0x80 _build/nrf51822_xxaa_nrf_drv_swi.c.o
 .comment       0x000000000000007f       0x80 _build/nrf51822_xxaa_nrf_drv_timer.c.o
 .comment       0x000000000000007f       0x80 _build/nrf51822_xxaa_nrf_drv_uart.c.o
 .comment       0x000000000000007f       0x80 _build/nrf51822_xxaa_nrf_drv_wdt.c.o
 .comment       0x000000000000007f       0x80 _build/nrf51822_xxaa_main.c.o
 .comment       0x000000000000007f       0x80 _build/nrf51822_xxaa_system_nrf51.c.o

.debug_frame    0x0000000000000000     0x13e8
 .debug_frame   0x0000000000000000       0x28 /home/test/nrf5/gcc-arm-none-eabi-7-2018-q2-update/bin/../lib/gcc/arm-none-eabi/7.3.1/../../../../arm-none-eabi/lib/thumb/v6-m/libc_nano.a(lib_a-exit.o)
 .debug_frame   0x0000000000000028       0x2c /home/test/nrf5/gcc-arm-none-eabi-7-2018-q2-update/bin/../lib/gcc/arm-none-eabi/7.3.1/../../../../arm-none-eabi/lib/thumb/v6-m/libc_nano.a(lib_a-init.o)
 .debug_frame   0x0000000000000054       0x20 /home/test/nrf5/gcc-arm-none-eabi-7-2018-q2-update/bin/../lib/gcc/arm-none-eabi/7.3.1/../../../../arm-none-eabi/lib/thumb/v6-m/libc_nano.a(lib_a-memset.o)
 .debug_frame   0x0000000000000074       0x20 /home/test/nrf5/gcc-arm-none-eabi-7-2018-q2-update/bin/../lib/gcc/arm-none-eabi/7.3.1/../../../../arm-none-eabi/lib/thumb/v6-m/libnosys.a(_exit.o)
 .debug_frame   0x0000000000000094       0x5c _build/nrf51822_xxaa_app_error.c.o
 .debug_frame   0x00000000000000f0       0x20 _build/nrf51822_xxaa_app_error_weak.c.o
 .debug_frame   0x0000000000000110      0x170 _build/nrf51822_xxaa_app_pwm.c.o
 .debug_frame   0x0000000000000280      0x110 _build/nrf51822_xxaa_app_timer.c.o
 .debug_frame   0x0000000000000390       0x50 _build/nrf51822_xxaa_app_util_platform.c.o
 .debug_frame   0x00000000000003e0       0x20 _build/nrf51822_xxaa_hardfault_handler_gcc.c.o
 .debug_frame   0x0000000000000400       0x38 _build/nrf51822_xxaa_hardfault_implementation.c.o
 .debug_frame   0x0000000000000438      0x128 _build/nrf51822_xxaa_nrf_queue.c.o
 .debug_frame   0x0000000000000560       0xe4 _build/nrf51822_xxaa_nrf_drv_adc.c.o
 .debug_frame   0x0000000000000644      0x120 _build/nrf51822_xxaa_nrf_drv_clock.c.o
 .debug_frame   0x0000000000000764       0xe8 _build/nrf51822_xxaa_nrf_drv_common.c.o
 .debug_frame   0x000000000000084c      0x1fc _build/nrf51822_xxaa_nrf_drv_gpiote.c.o
 .debug_frame   0x0000000000000a48       0x8c _build/nrf51822_xxaa_nrf_drv_power.c.o
 .debug_frame   0x0000000000000ad4      0x160 _build/nrf51822_xxaa_nrf_drv_ppi.c.o
 .debug_frame   0x0000000000000c34       0xa4 _build/nrf51822_xxaa_nrf_drv_qdec.c.o
 .debug_frame   0x0000000000000cd8       0xbc _build/nrf51822_xxaa_nrf_drv_rng.c.o
 .debug_frame   0x0000000000000d94      0x120 _build/nrf51822_xxaa_nrf_drv_rtc.c.o
 .debug_frame   0x0000000000000eb4      0x104 _build/nrf51822_xxaa_nrf_drv_swi.c.o
 .debug_frame   0x0000000000000fb8      0x18c _build/nrf51822_xxaa_nrf_drv_timer.c.o
 .debug_frame   0x0000000000001144      0x14c _build/nrf51822_xxaa_nrf_drv_uart.c.o
 .debug_frame   0x0000000000001290       0x98 _build/nrf51822_xxaa_nrf_drv_wdt.c.o
 .debug_frame   0x0000000000001328       0x48 _build/nrf51822_xxaa_main.c.o
 .debug_frame   0x0000000000001370       0x30 _build/nrf51822_xxaa_system_nrf51.c.o
 .debug_frame   0x00000000000013a0       0x20 /home/test/nrf5/gcc-arm-none-eabi-7-2018-q2-update/bin/../lib/gcc/arm-none-eabi/7.3.1/thumb/v6-m/libgcc.a(_udivsi3.o)
 .debug_frame   0x00000000000013c0       0x28 /home/test/nrf5/gcc-arm-none-eabi-7-2018-q2-update/bin/../lib/gcc/arm-none-eabi/7.3.1/../../../../arm-none-eabi/lib/thumb/v6-m/libc_nano.a(lib_a-memcpy-stub.o)

.debug_info     0x0000000000000000    0x21c5e
 .debug_info    0x0000000000000000      0xb47 _build/nrf51822_xxaa_app_error.c.o
 .debug_info    0x0000000000000b47      0xa12 _build/nrf51822_xxaa_app_error_weak.c.o
 .debug_info    0x0000000000001559     0x4442 _build/nrf51822_xxaa_app_pwm.c.o
 .debug_info    0x000000000000599b     0x22c9 _build/nrf51822_xxaa_app_timer.c.o
 .debug_info    0x0000000000007c64      0x9c6 _build/nrf51822_xxaa_app_util_platform.c.o
 .debug_info    0x000000000000862a      0x8da _build/nrf51822_xxaa_hardfault_handler_gcc.c.o
 .debug_info    0x0000000000008f04      0xaac _build/nrf51822_xxaa_hardfault_implementation.c.o
 .debug_info    0x00000000000099b0     0x1696 _build/nrf51822_xxaa_nrf_queue.c.o
 .debug_info    0x000000000000b046     0x167b _build/nrf51822_xxaa_nrf_drv_adc.c.o
 .debug_info    0x000000000000c6c1     0x1872 _build/nrf51822_xxaa_nrf_drv_clock.c.o
 .debug_info    0x000000000000df33     0x1462 _build/nrf51822_xxaa_nrf_drv_common.c.o
 .debug_info    0x000000000000f395     0x2ce9 _build/nrf51822_xxaa_nrf_drv_gpiote.c.o
 .debug_info    0x000000000001207e     0x1268 _build/nrf51822_xxaa_nrf_drv_power.c.o
 .debug_info    0x00000000000132e6     0x19b7 _build/nrf51822_xxaa_nrf_drv_ppi.c.o
 .debug_info    0x0000000000014c9d     0x1b60 _build/nrf51822_xxaa_nrf_drv_qdec.c.o
 .debug_info    0x00000000000167fd     0x1514 _build/nrf51822_xxaa_nrf_drv_rng.c.o
 .debug_info    0x0000000000017d11     0x1b96 _build/nrf51822_xxaa_nrf_drv_rtc.c.o
 .debug_info    0x00000000000198a7     0x1047 _build/nrf51822_xxaa_nrf_drv_swi.c.o
 .debug_info    0x000000000001a8ee     0x1e5c _build/nrf51822_xxaa_nrf_drv_timer.c.o
 .debug_info    0x000000000001c74a     0x32ca _build/nrf51822_xxaa_nrf_drv_uart.c.o
 .debug_info    0x000000000001fa14     0x1063 _build/nrf51822_xxaa_nrf_drv_wdt.c.o
 .debug_info    0x0000000000020a77     0x1005 _build/nrf51822_xxaa_main.c.o
 .debug_info    0x0000000000021a7c      0x1e2 _build/nrf51822_xxaa_system_nrf51.c.o

.debug_abbrev   0x0000000000000000     0x5312
 .debug_abbrev  0x0000000000000000      0x235 _build/nrf51822_xxaa_app_error.c.o
 .debug_abbrev  0x0000000000000235      0x20d _build/nrf51822_xxaa_app_error_weak.c.o
 .debug_abbrev  0x0000000000000442      0x4ee _build/nrf51822_xxaa_app_pwm.c.o
 .debug_abbrev  0x0000000000000930      0x488 _build/nrf51822_xxaa_app_timer.c.o
 .debug_abbrev  0x0000000000000db8      0x239 _build/nrf51822_xxaa_app_util_platform.c.o
 .debug_abbrev  0x0000000000000ff1      0x1aa _build/nrf51822_xxaa_hardfault_handler_gcc.c.o
 .debug_abbrev  0x000000000000119b      0x224 _build/nrf51822_xxaa_hardfault_implementation.c.o
 .debug_abbrev  0x00000000000013bf      0x414 _build/nrf51822_xxaa_nrf_queue.c.o
 .debug_abbrev  0x00000000000017d3      0x46f _build/nrf51822_xxaa_nrf_drv_adc.c.o
 .debug_abbrev  0x0000000000001c42      0x4b8 _build/nrf51822_xxaa_nrf_drv_clock.c.o
 .debug_abbrev  0x00000000000020fa      0x3f2 _build/nrf51822_xxaa_nrf_drv_common.c.o
 .debug_abbrev  0x00000000000024ec      0x536 _build/nrf51822_xxaa_nrf_drv_gpiote.c.o
 .debug_abbrev  0x0000000000002a22      0x3fd _build/nrf51822_xxaa_nrf_drv_power.c.o
 .debug_abbrev  0x0000000000002e1f      0x3df _build/nrf51822_xxaa_nrf_drv_ppi.c.o
 .debug_abbrev  0x00000000000031fe      0x418 _build/nrf51822_xxaa_nrf_drv_qdec.c.o
 .debug_abbrev  0x0000000000003616      0x45c _build/nrf51822_xxaa_nrf_drv_rng.c.o
 .debug_abbrev  0x0000000000003a72      0x4a8 _build/nrf51822_xxaa_nrf_drv_rtc.c.o
 .debug_abbrev  0x0000000000003f1a      0x3b0 _build/nrf51822_xxaa_nrf_drv_swi.c.o
 .debug_abbrev  0x00000000000042ca      0x447 _build/nrf51822_xxaa_nrf_drv_timer.c.o
 .debug_abbrev  0x0000000000004711      0x472 _build/nrf51822_xxaa_nrf_drv_uart.c.o
 .debug_abbrev  0x0000000000004b83      0x373 _build/nrf51822_xxaa_nrf_drv_wdt.c.o
 .debug_abbrev  0x0000000000004ef6      0x311 _build/nrf51822_xxaa_main.c.o
 .debug_abbrev  0x0000000000005207      0x10b _build/nrf51822_xxaa_system_nrf51.c.o

.debug_loc      0x0000000000000000     0xb5dc
 .debug_loc     0x0000000000000000      0x149 _build/nrf51822_xxaa_app_error.c.o
 .debug_loc     0x0000000000000149       0x21 _build/nrf51822_xxaa_app_error_weak.c.o
 .debug_loc     0x000000000000016a     0x2c5c _build/nrf51822_xxaa_app_pwm.c.o
 .debug_loc     0x0000000000002dc6     0x1008 _build/nrf51822_xxaa_app_timer.c.o
 .debug_loc     0x0000000000003dce       0x21 _build/nrf51822_xxaa_hardfault_implementation.c.o
 .debug_loc     0x0000000000003def      0xd98 _build/nrf51822_xxaa_nrf_queue.c.o
 .debug_loc     0x0000000000004b87      0x416 _build/nrf51822_xxaa_nrf_drv_adc.c.o
 .debug_loc     0x0000000000004f9d      0x406 _build/nrf51822_xxaa_nrf_drv_clock.c.o
 .debug_loc     0x00000000000053a3      0x2c5 _build/nrf51822_xxaa_nrf_drv_common.c.o
 .debug_loc     0x0000000000005668     0x1f02 _build/nrf51822_xxaa_nrf_drv_gpiote.c.o
 .debug_loc     0x000000000000756a      0x148 _build/nrf51822_xxaa_nrf_drv_power.c.o
 .debug_loc     0x00000000000076b2      0x81c _build/nrf51822_xxaa_nrf_drv_ppi.c.o
 .debug_loc     0x0000000000007ece      0x34e _build/nrf51822_xxaa_nrf_drv_qdec.c.o
 .debug_loc     0x000000000000821c      0x313 _build/nrf51822_xxaa_nrf_drv_rng.c.o
 .debug_loc     0x000000000000852f      0xc09 _build/nrf51822_xxaa_nrf_drv_rtc.c.o
 .debug_loc     0x0000000000009138      0x27b _build/nrf51822_xxaa_nrf_drv_swi.c.o
 .debug_loc     0x00000000000093b3      0x8a3 _build/nrf51822_xxaa_nrf_drv_timer.c.o
 .debug_loc     0x0000000000009c56     0x16e9 _build/nrf51822_xxaa_nrf_drv_uart.c.o
 .debug_loc     0x000000000000b33f      0x1fe _build/nrf51822_xxaa_nrf_drv_wdt.c.o
 .debug_loc     0x000000000000b53d       0x9f _build/nrf51822_xxaa_main.c.o

.debug_aranges  0x0000000000000000      0x7e8
 .debug_aranges
                0x0000000000000000       0x30 _build/nrf51822_xxaa_app_error.c.o
 .debug_aranges
                0x0000000000000030       0x20 _build/nrf51822_xxaa_app_error_weak.c.o
 .debug_aranges
                0x0000000000000050       0x70 _build/nrf51822_xxaa_app_pwm.c.o
 .debug_aranges
                0x00000000000000c0       0x60 _build/nrf51822_xxaa_app_timer.c.o
 .debug_aranges
                0x0000000000000120       0x38 _build/nrf51822_xxaa_app_util_platform.c.o
 .debug_aranges
                0x0000000000000158       0x20 _build/nrf51822_xxaa_hardfault_handler_gcc.c.o
 .debug_aranges
                0x0000000000000178       0x28 _build/nrf51822_xxaa_hardfault_implementation.c.o
 .debug_aranges
                0x00000000000001a0       0x60 _build/nrf51822_xxaa_nrf_queue.c.o
 .debug_aranges
                0x0000000000000200       0x60 _build/nrf51822_xxaa_nrf_drv_adc.c.o
 .debug_aranges
                0x0000000000000260       0x80 _build/nrf51822_xxaa_nrf_drv_clock.c.o
 .debug_aranges
                0x00000000000002e0       0x60 _build/nrf51822_xxaa_nrf_drv_common.c.o
 .debug_aranges
                0x0000000000000340       0xb8 _build/nrf51822_xxaa_nrf_drv_gpiote.c.o
 .debug_aranges
                0x00000000000003f8       0x48 _build/nrf51822_xxaa_nrf_drv_power.c.o
 .debug_aranges
                0x0000000000000440       0x88 _build/nrf51822_xxaa_nrf_drv_ppi.c.o
 .debug_aranges
                0x00000000000004c8       0x58 _build/nrf51822_xxaa_nrf_drv_qdec.c.o
 .debug_aranges
                0x0000000000000520       0x48 _build/nrf51822_xxaa_nrf_drv_rng.c.o
 .debug_aranges
                0x0000000000000568       0x78 _build/nrf51822_xxaa_nrf_drv_rtc.c.o
 .debug_aranges
                0x00000000000005e0       0x68 _build/nrf51822_xxaa_nrf_drv_swi.c.o
 .debug_aranges
                0x0000000000000648       0x98 _build/nrf51822_xxaa_nrf_drv_timer.c.o
 .debug_aranges
                0x00000000000006e0       0x70 _build/nrf51822_xxaa_nrf_drv_uart.c.o
 .debug_aranges
                0x0000000000000750       0x48 _build/nrf51822_xxaa_nrf_drv_wdt.c.o
 .debug_aranges
                0x0000000000000798       0x28 _build/nrf51822_xxaa_main.c.o
 .debug_aranges
                0x00000000000007c0       0x28 _build/nrf51822_xxaa_system_nrf51.c.o

.debug_ranges   0x0000000000000000     0x3df8
 .debug_ranges  0x0000000000000000       0x20 _build/nrf51822_xxaa_app_error.c.o
 .debug_ranges  0x0000000000000020       0x10 _build/nrf51822_xxaa_app_error_weak.c.o
 .debug_ranges  0x0000000000000030      0xf60 _build/nrf51822_xxaa_app_pwm.c.o
 .debug_ranges  0x0000000000000f90      0x550 _build/nrf51822_xxaa_app_timer.c.o
 .debug_ranges  0x00000000000014e0       0x40 _build/nrf51822_xxaa_app_util_platform.c.o
 .debug_ranges  0x0000000000001520       0x10 _build/nrf51822_xxaa_hardfault_handler_gcc.c.o
 .debug_ranges  0x0000000000001530       0x18 _build/nrf51822_xxaa_hardfault_implementation.c.o
 .debug_ranges  0x0000000000001548      0x370 _build/nrf51822_xxaa_nrf_queue.c.o
 .debug_ranges  0x00000000000018b8      0x2c0 _build/nrf51822_xxaa_nrf_drv_adc.c.o
 .debug_ranges  0x0000000000001b78      0x2d8 _build/nrf51822_xxaa_nrf_drv_clock.c.o
 .debug_ranges  0x0000000000001e50       0x68 _build/nrf51822_xxaa_nrf_drv_common.c.o
 .debug_ranges  0x0000000000001eb8      0x9b0 _build/nrf51822_xxaa_nrf_drv_gpiote.c.o
 .debug_ranges  0x0000000000002868       0xe8 _build/nrf51822_xxaa_nrf_drv_power.c.o
 .debug_ranges  0x0000000000002950      0x290 _build/nrf51822_xxaa_nrf_drv_ppi.c.o
 .debug_ranges  0x0000000000002be0      0x1b8 _build/nrf51822_xxaa_nrf_drv_qdec.c.o
 .debug_ranges  0x0000000000002d98      0x218 _build/nrf51822_xxaa_nrf_drv_rng.c.o
 .debug_ranges  0x0000000000002fb0      0x1f8 _build/nrf51822_xxaa_nrf_drv_rtc.c.o
 .debug_ranges  0x00000000000031a8      0x1c0 _build/nrf51822_xxaa_nrf_drv_swi.c.o
 .debug_ranges  0x0000000000003368      0x440 _build/nrf51822_xxaa_nrf_drv_timer.c.o
 .debug_ranges  0x00000000000037a8      0x500 _build/nrf51822_xxaa_nrf_drv_uart.c.o
 .debug_ranges  0x0000000000003ca8       0xa0 _build/nrf51822_xxaa_nrf_drv_wdt.c.o
 .debug_ranges  0x0000000000003d48       0x48 _build/nrf51822_xxaa_main.c.o
 .debug_ranges  0x0000000000003d90       0x68 _build/nrf51822_xxaa_system_nrf51.c.o

.debug_macro    0x0000000000000000     0x4de5
 .debug_macro   0x0000000000000000      0x28f _build/nrf51822_xxaa_app_error.c.o
 .debug_macro   0x000000000000028f       0x34 _build/nrf51822_xxaa_app_error.c.o
 .debug_macro   0x00000000000002c3       0x22 _build/nrf51822_xxaa_app_error.c.o
 .debug_macro   0x00000000000002e5       0x16 _build/nrf51822_xxaa_app_error.c.o
 .debug_macro   0x00000000000002fb       0x97 _build/nrf51822_xxaa_app_error.c.o
 .debug_macro   0x0000000000000392       0xf6 _build/nrf51822_xxaa_app_error.c.o
 .debug_macro   0x0000000000000488       0x22 _build/nrf51822_xxaa_app_error.c.o
 .debug_macro   0x00000000000004aa       0x16 _build/nrf51822_xxaa_app_error.c.o
 .debug_macro   0x00000000000004c0      0x39b _build/nrf51822_xxaa_app_error.c.o
 .debug_macro   0x000000000000085b      0x170 _build/nrf51822_xxaa_app_error.c.o
 .debug_macro   0x00000000000009cb       0x5a _build/nrf51822_xxaa_app_error.c.o
 .debug_macro   0x0000000000000a25       0x28 _build/nrf51822_xxaa_app_error.c.o
 .debug_macro   0x0000000000000a4d       0x22 _build/nrf51822_xxaa_app_error.c.o
 .debug_macro   0x0000000000000a6f      0x28f _build/nrf51822_xxaa_app_error_weak.c.o
 .debug_macro   0x0000000000000cfe       0x1c _build/nrf51822_xxaa_app_error_weak.c.o
 .debug_macro   0x0000000000000d1a      0x3af _build/nrf51822_xxaa_app_pwm.c.o
 .debug_macro   0x00000000000010c9       0x1c _build/nrf51822_xxaa_app_pwm.c.o
 .debug_macro   0x00000000000010e5       0x34 _build/nrf51822_xxaa_app_pwm.c.o
 .debug_macro   0x0000000000001119       0x28 _build/nrf51822_xxaa_app_pwm.c.o
 .debug_macro   0x0000000000001141       0x64 _build/nrf51822_xxaa_app_pwm.c.o
 .debug_macro   0x00000000000011a5       0x16 _build/nrf51822_xxaa_app_pwm.c.o
 .debug_macro   0x00000000000011bb       0x22 _build/nrf51822_xxaa_app_pwm.c.o
 .debug_macro   0x00000000000011dd       0x72 _build/nrf51822_xxaa_app_pwm.c.o
 .debug_macro   0x000000000000124f      0x2fc _build/nrf51822_xxaa_app_timer.c.o
 .debug_macro   0x000000000000154b       0x10 _build/nrf51822_xxaa_app_timer.c.o
 .debug_macro   0x000000000000155b      0x22e _build/nrf51822_xxaa_app_util_platform.c.o
 .debug_macro   0x0000000000001789      0x1db _build/nrf51822_xxaa_hardfault_handler_gcc.c.o
 .debug_macro   0x0000000000001964      0x2c1 _build/nrf51822_xxaa_hardfault_implementation.c.o
 .debug_macro   0x0000000000001c25      0x28b _build/nrf51822_xxaa_nrf_queue.c.o
 .debug_macro   0x0000000000001eb0       0x33 _build/nrf51822_xxaa_nrf_queue.c.o
 .debug_macro   0x0000000000001ee3      0x303 _build/nrf51822_xxaa_nrf_drv_adc.c.o
 .debug_macro   0x00000000000021e6       0x16 _build/nrf51822_xxaa_nrf_drv_adc.c.o
 .debug_macro   0x00000000000021fc      0x316 _build/nrf51822_xxaa_nrf_drv_clock.c.o
 .debug_macro   0x0000000000002512       0x10 _build/nrf51822_xxaa_nrf_drv_clock.c.o
 .debug_macro   0x0000000000002522      0x345 _build/nrf51822_xxaa_nrf_drv_common.c.o
 .debug_macro   0x0000000000002867       0x1c _build/nrf51822_xxaa_nrf_drv_common.c.o
 .debug_macro   0x0000000000002883      0x36e _build/nrf51822_xxaa_nrf_drv_gpiote.c.o
 .debug_macro   0x0000000000002bf1      0x28f _build/nrf51822_xxaa_nrf_drv_power.c.o
 .debug_macro   0x0000000000002e80      0x336 _build/nrf51822_xxaa_nrf_drv_ppi.c.o
 .debug_macro   0x00000000000031b6      0x341 _build/nrf51822_xxaa_nrf_drv_qdec.c.o
 .debug_macro   0x00000000000034f7      0x2ff _build/nrf51822_xxaa_nrf_drv_rng.c.o
 .debug_macro   0x00000000000037f6       0x10 _build/nrf51822_xxaa_nrf_drv_rng.c.o
 .debug_macro   0x0000000000003806      0x176 _build/nrf51822_xxaa_nrf_drv_rng.c.o
 .debug_macro   0x000000000000397c      0x311 _build/nrf51822_xxaa_nrf_drv_rtc.c.o
 .debug_macro   0x0000000000003c8d       0x28 _build/nrf51822_xxaa_nrf_drv_rtc.c.o
 .debug_macro   0x0000000000003cb5       0x28 _build/nrf51822_xxaa_nrf_drv_rtc.c.o
 .debug_macro   0x0000000000003cdd      0x354 _build/nrf51822_xxaa_nrf_drv_swi.c.o
 .debug_macro   0x0000000000004031       0x1c _build/nrf51822_xxaa_nrf_drv_swi.c.o
 .debug_macro   0x000000000000404d      0x313 _build/nrf51822_xxaa_nrf_drv_timer.c.o
 .debug_macro   0x0000000000004360      0x353 _build/nrf51822_xxaa_nrf_drv_uart.c.o
 .debug_macro   0x00000000000046b3      0x2ef _build/nrf51822_xxaa_nrf_drv_wdt.c.o
 .debug_macro   0x00000000000049a2       0x1c _build/nrf51822_xxaa_nrf_drv_wdt.c.o
 .debug_macro   0x00000000000049be      0x348 _build/nrf51822_xxaa_main.c.o
 .debug_macro   0x0000000000004d06       0xdf _build/nrf51822_xxaa_system_nrf51.c.o

.debug_line     0x0000000000000000     0xc8fc
 .debug_line    0x0000000000000000      0x5ec _build/nrf51822_xxaa_app_error.c.o
 .debug_line    0x00000000000005ec      0x5aa _build/nrf51822_xxaa_app_error_weak.c.o
 .debug_line    0x0000000000000b96     0x10c0 _build/nrf51822_xxaa_app_pwm.c.o
 .debug_line    0x0000000000001c56      0xa87 _build/nrf51822_xxaa_app_timer.c.o
 .debug_line    0x00000000000026dd      0x52a _build/nrf51822_xxaa_app_util_platform.c.o
 .debug_line    0x0000000000002c07      0x4c7 _build/nrf51822_xxaa_hardfault_handler_gcc.c.o
 .debug_line    0x00000000000030ce      0x62c _build/nrf51822_xxaa_hardfault_implementation.c.o
 .debug_line    0x00000000000036fa      0x896 _build/nrf51822_xxaa_nrf_queue.c.o
 .debug_line    0x0000000000003f90      0x93d _build/nrf51822_xxaa_nrf_drv_adc.c.o
 .debug_line    0x00000000000048cd      0x940 _build/nrf51822_xxaa_nrf_drv_clock.c.o
 .debug_line    0x000000000000520d      0x7f6 _build/nrf51822_xxaa_nrf_drv_common.c.o
 .debug_line    0x0000000000005a03     0x1010 _build/nrf51822_xxaa_nrf_drv_gpiote.c.o
 .debug_line    0x0000000000006a13      0x6c9 _build/nrf51822_xxaa_nrf_drv_power.c.o
 .debug_line    0x00000000000070dc      0xa6a _build/nrf51822_xxaa_nrf_drv_ppi.c.o
 .debug_line    0x0000000000007b46      0x91d _build/nrf51822_xxaa_nrf_drv_qdec.c.o
 .debug_line    0x0000000000008463      0x856 _build/nrf51822_xxaa_nrf_drv_rng.c.o
 .debug_line    0x0000000000008cb9      0x9b1 _build/nrf51822_xxaa_nrf_drv_rtc.c.o
 .debug_line    0x000000000000966a      0x897 _build/nrf51822_xxaa_nrf_drv_swi.c.o
 .debug_line    0x0000000000009f01      0xafd _build/nrf51822_xxaa_nrf_drv_timer.c.o
 .debug_line    0x000000000000a9fe      0xccc _build/nrf51822_xxaa_nrf_drv_uart.c.o
 .debug_line    0x000000000000b6ca      0x784 _build/nrf51822_xxaa_nrf_drv_wdt.c.o
 .debug_line    0x000000000000be4e      0x75b _build/nrf51822_xxaa_main.c.o
 .debug_line    0x000000000000c5a9      0x353 _build/nrf51822_xxaa_system_nrf51.c.o

.debug_str      0x0000000000000000    0x404dd
 .debug_str     0x0000000000000000    0x34a77 _build/nrf51822_xxaa_app_error.c.o
                                      0x34d5b (size before relaxing)
 .debug_str     0x0000000000034a77       0xab _build/nrf51822_xxaa_app_error_weak.c.o
                                      0x34ca8 (size before relaxing)
 .debug_str     0x0000000000034b22     0x30c3 _build/nrf51822_xxaa_app_pwm.c.o
                                      0x36538 (size before relaxing)
 .debug_str     0x0000000000037be5      0xdc0 _build/nrf51822_xxaa_app_timer.c.o
                                      0x346a9 (size before relaxing)
 .debug_str     0x00000000000389a5       0x84 _build/nrf51822_xxaa_app_util_platform.c.o
                                      0x302ae (size before relaxing)
 .debug_str     0x0000000000038a29       0x66 _build/nrf51822_xxaa_hardfault_handler_gcc.c.o
                                      0x32a92 (size before relaxing)
 .debug_str     0x0000000000038a8f       0xd8 _build/nrf51822_xxaa_hardfault_implementation.c.o
                                      0x34f87 (size before relaxing)
 .debug_str     0x0000000000038b67      0xf88 _build/nrf51822_xxaa_nrf_queue.c.o
                                      0x34677 (size before relaxing)
 .debug_str     0x0000000000039aef      0x624 _build/nrf51822_xxaa_nrf_drv_adc.c.o
                                      0x35c9d (size before relaxing)
 .debug_str     0x000000000003a113      0x8f4 _build/nrf51822_xxaa_nrf_drv_clock.c.o
                                      0x35bb6 (size before relaxing)
 .debug_str     0x000000000003aa07      0x43b _build/nrf51822_xxaa_nrf_drv_common.c.o
                                      0x35b99 (size before relaxing)
 .debug_str     0x000000000003ae42      0xc07 _build/nrf51822_xxaa_nrf_drv_gpiote.c.o
                                      0x36b0d (size before relaxing)
 .debug_str     0x000000000003ba49      0x392 _build/nrf51822_xxaa_nrf_drv_power.c.o
                                      0x33d34 (size before relaxing)
 .debug_str     0x000000000003bddb      0x2ef _build/nrf51822_xxaa_nrf_drv_ppi.c.o
                                      0x35ed7 (size before relaxing)
 .debug_str     0x000000000003c0ca      0xa34 _build/nrf51822_xxaa_nrf_drv_qdec.c.o
                                      0x364a8 (size before relaxing)
 .debug_str     0x000000000003cafe      0x4a4 _build/nrf51822_xxaa_nrf_drv_rng.c.o
                                      0x3640d (size before relaxing)
 .debug_str     0x000000000003cfa2      0x951 _build/nrf51822_xxaa_nrf_drv_rtc.c.o
                                      0x360bc (size before relaxing)
 .debug_str     0x000000000003d8f3      0x563 _build/nrf51822_xxaa_nrf_drv_swi.c.o
                                      0x35c66 (size before relaxing)
 .debug_str     0x000000000003de56      0x379 _build/nrf51822_xxaa_nrf_drv_timer.c.o
                                      0x36798 (size before relaxing)
 .debug_str     0x000000000003e1cf      0xe16 _build/nrf51822_xxaa_nrf_drv_uart.c.o
                                      0x36941 (size before relaxing)
 .debug_str     0x000000000003efe5      0x4ec _build/nrf51822_xxaa_nrf_drv_wdt.c.o
                                      0x357da (size before relaxing)
 .debug_str     0x000000000003f4d1      0xeef _build/nrf51822_xxaa_main.c.o
                                      0x35bbd (size before relaxing)
 .debug_str     0x00000000000403c0      0x11d _build/nrf51822_xxaa_system_nrf51.c.o
                                      0x2a727 (size before relaxing)
