Archive member included to satisfy reference by file (symbol)

/home/test/nrf5/gcc-arm-none-eabi-7-2018-q2-update/bin/../lib/gcc/arm-none-eabi/7.3.1/../../../../arm-none-eabi/lib/thumb/v6-m/libc_nano.a(lib_a-exit.o)
                              /home/test/nrf5/gcc-arm-none-eabi-7-2018-q2-update/bin/../lib/gcc/arm-none-eabi/7.3.1/../../../../arm-none-eabi/lib/thumb/v6-m/crt0.o (exit)
/home/test/nrf5/gcc-arm-none-eabi-7-2018-q2-update/bin/../lib/gcc/arm-none-eabi/7.3.1/../../../../arm-none-eabi/lib/thumb/v6-m/libc_nano.a(lib_a-impure.o)
                              /home/test/nrf5/gcc-arm-none-eabi-7-2018-q2-update/bin/../lib/gcc/arm-none-eabi/7.3.1/../../../../arm-none-eabi/lib/thumb/v6-m/libc_nano.a(lib_a-exit.o) (_global_impure_ptr)
/home/test/nrf5/gcc-arm-none-eabi-7-2018-q2-update/bin/../lib/gcc/arm-none-eabi/7.3.1/../../../../arm-none-eabi/lib/thumb/v6-m/libc_nano.a(lib_a-init.o)
                              /home/test/nrf5/gcc-arm-none-eabi-7-2018-q2-update/bin/../lib/gcc/arm-none-eabi/7.3.1/../../../../arm-none-eabi/lib/thumb/v6-m/crt0.o (__libc_init_array)
/home/test/nrf5/gcc-arm-none-eabi-7-2018-q2-update/bin/../lib/gcc/arm-none-eabi/7.3.1/../../../../arm-none-eabi/lib/thumb/v6-m/libc_nano.a(lib_a-memset.o)
                              /home/test/nrf5/gcc-arm-none-eabi-7-2018-q2-update/bin/../lib/gcc/arm-none-eabi/7.3.1/../../../../arm-none-eabi/lib/thumb/v6-m/crt0.o (memset)
/home/test/nrf5/gcc-arm-none-eabi-7-2018-q2-update/bin/../lib/gcc/arm-none-eabi/7.3.1/../../../../arm-none-eabi/lib/thumb/v6-m/libnosys.a(_exit.o)
                              /home/test/nrf5/gcc-arm-none-eabi-7-2018-q2-update/bin/../lib/gcc/arm-none-eabi/7.3.1/../../../../arm-none-eabi/lib/thumb/v6-m/libc_nano.a(lib_a-exit.o) (_exit)
/home/test/nrf5/gcc-arm-none-eabi-7-2018-q2-update/bin/../lib/gcc/arm-none-eabi/7.3.1/../../../../arm-none-eabi/lib/thumb/v6-m/libc_nano.a(lib_a-memcpy-stub.o)
                              _build/nrf51822_xxaa_SEGGER_RTT.c.o (memcpy)
/home/test/nrf5/gcc-arm-none-eabi-7-2018-q2-update/bin/../lib/gcc/arm-none-eabi/7.3.1/../../../../arm-none-eabi/lib/thumb/v6-m/libc_nano.a(lib_a-strcpy.o)
                              _build/nrf51822_xxaa_SEGGER_RTT.c.o (strcpy)
/home/test/nrf5/gcc-arm-none-eabi-7-2018-q2-update/bin/../lib/gcc/arm-none-eabi/7.3.1/../../../../arm-none-eabi/lib/thumb/v6-m/libc_nano.a(lib_a-strlen.o)
                              _build/nrf51822_xxaa_SEGGER_RTT.c.o (strlen)

Allocating common symbols
Common symbol       size              file

_SEGGER_RTT         0x78              _build/nrf51822_xxaa_SEGGER_RTT.c.o

Discarded input sections

 .text          0x0000000000000000        0x0 /home/test/nrf5/gcc-arm-none-eabi-7-2018-q2-update/bin/../lib/gcc/arm-none-eabi/7.3.1/thumb/v6-m/crti.o
 .data          0x0000000000000000        0x0 /home/test/nrf5/gcc-arm-none-eabi-7-2018-q2-update/bin/../lib/gcc/arm-none-eabi/7.3.1/thumb/v6-m/crti.o
 .bss           0x0000000000000000        0x0 /home/test/nrf5/gcc-arm-none-eabi-7-2018-q2-update/bin/../lib/gcc/arm-none-eabi/7.3.1/thumb/v6-m/crti.o
 .data          0x0000000000000000        0x4 /home/test/nrf5/gcc-arm-none-eabi-7-2018-q2-update/bin/../lib/gcc/arm-none-eabi/7.3.1/thumb/v6-m/crtbegin.o
 .data          0x0000000000000000        0x0 /home/test/nrf5/gcc-arm-none-eabi-7-2018-q2-update/bin/../lib/gcc/arm-none-eabi/7.3.1/../../../../arm-none-eabi/lib/thumb/v6-m/crt0.o
 .bss           0x0000000000000000        0x0 /home/test/nrf5/gcc-arm-none-eabi-7-2018-q2-update/bin/../lib/gcc/arm-none-eabi/7.3.1/../../../../arm-none-eabi/lib/thumb/v6-m/crt0.o
 .ARM.extab     0x0000000000000000        0x0 /home/test/nrf5/gcc-arm-none-eabi-7-2018-q2-update/bin/../lib/gcc/arm-none-eabi/7.3.1/../../../../arm-none-eabi/lib/thumb/v6-m/crt0.o
 .text          0x0000000000000000        0x0 /home/test/nrf5/gcc-arm-none-eabi-7-2018-q2-update/bin/../lib/gcc/arm-none-eabi/7.3.1/../../../../arm-none-eabi/lib/thumb/v6-m/libc_nano.a(lib_a-exit.o)
 .data          0x0000000000000000        0x0 /home/test/nrf5/gcc-arm-none-eabi-7-2018-q2-update/bin/../lib/gcc/arm-none-eabi/7.3.1/../../../../arm-none-eabi/lib/thumb/v6-m/libc_nano.a(lib_a-exit.o)
 .bss           0x0000000000000000        0x0 /home/test/nrf5/gcc-arm-none-eabi-7-2018-q2-update/bin/../lib/gcc/arm-none-eabi/7.3.1/../../../../arm-none-eabi/lib/thumb/v6-m/libc_nano.a(lib_a-exit.o)
 .text          0x0000000000000000        0x0 /home/test/nrf5/gcc-arm-none-eabi-7-2018-q2-update/bin/../lib/gcc/arm-none-eabi/7.3.1/../../../../arm-none-eabi/lib/thumb/v6-m/libc_nano.a(lib_a-impure.o)
 .data          0x0000000000000000        0x0 /home/test/nrf5/gcc-arm-none-eabi-7-2018-q2-update/bin/../lib/gcc/arm-none-eabi/7.3.1/../../../../arm-none-eabi/lib/thumb/v6-m/libc_nano.a(lib_a-impure.o)
 .bss           0x0000000000000000        0x0 /home/test/nrf5/gcc-arm-none-eabi-7-2018-q2-update/bin/../lib/gcc/arm-none-eabi/7.3.1/../../../../arm-none-eabi/lib/thumb/v6-m/libc_nano.a(lib_a-impure.o)
 .data._impure_ptr
[...]
Memory Configuration

Name             Origin             Length             Attributes
FLASH            0x0000000000000000 0x0000000000040000 xr
RAM              0x0000000020000000 0x0000000000004000 xrw
*default*        0x0000000000000000 0xffffffffffffffff

Linker script and memory map

LOAD /home/test/nrf5/gcc-arm-none-eabi-7-2018-q2-update/bin/../lib/gcc/arm-none-eabi/7.3.1/thumb/v6-m/crti.o
LOAD /home/test/nrf5/gcc-arm-none-eabi-7-2018-q2-update/bin/../lib/gcc/arm-none-eabi/7.3.1/thumb/v6-m/crtbegin.o
LOAD /home/test/nrf5/gcc-arm-none-eabi-7-2018-q2-update/bin/../lib/gcc/arm-none-eabi/7.3.1/../../../../arm-none-eabi/lib/thumb/v6-m/crt0.o
LOAD /home/test/nrf5/gcc-arm-none-eabi-7-2018-q2-update/bin/../lib/gcc/arm-none-eabi/7.3.1/../../../../arm-none-eabi/lib/thumb/v6-m/libc_nano.a
LOAD /home/test/nrf5/gcc-arm-none-eabi-7-2018-q2-update/bin/../lib/gcc/arm-none-eabi/7.3.1/../../../../arm-none-eabi/lib/thumb/v6-m/libnosys.a
LOAD _build/nrf51822_xxaa_nrf_log_backend_serial.c.o
LOAD _build/nrf51822_xxaa_nrf_log_frontend.c.o
LOAD _build/nrf51822_xxaa_app_error.c.o
LOAD _build/nrf51822_xxaa_app_error_weak.c.o
LOAD _build/nrf51822_xxaa_app_timer.c.o
LOAD _build/nrf51822_xxaa_app_util_platform.c.o
LOAD _build/nrf51822_xxaa_hardfault_implementation.c.o
LOAD _build/nrf51822_xxaa_nrf_assert.c.o
LOAD _build/nrf51822_xxaa_sdk_errors.c.o
LOAD _build/nrf51822_xxaa_boards.c.o
LOAD _build/nrf51822_xxaa_nrf_drv_clock.c.o
LOAD _build/nrf51822_xxaa_nrf_drv_common.c.o
LOAD _build/nrf51822_xxaa_nrf_drv_uart.c.o
LOAD _build/nrf51822_xxaa_nrf_nvic.c.o
LOAD _build/nrf51822_xxaa_nrf_soc.c.o
LOAD _build/nrf51822_xxaa_main.c.o
LOAD _build/nrf51822_xxaa_RTT_Syscalls_GCC.c.o
LOAD _build/nrf51822_xxaa_SEGGER_RTT.c.o
LOAD _build/nrf51822_xxaa_SEGGER_RTT_printf.c.o
LOAD _build/nrf51822_xxaa_gcc_startup_nrf51.S.o
LOAD _build/nrf51822_xxaa_system_nrf51.c.o
LOAD /home/test/nrf5/gcc-arm-none-eabi-7-2018-q2-update/bin/../lib/gcc/arm-none-eabi/7.3.1/../../../../arm-none-eabi/lib/thumb/v6-m/libm.a
START GROUP
LOAD /home/test/nrf5/gcc-arm-none-eabi-7-2018-q2-update/bin/../lib/gcc/arm-none-eabi/7.3.1/thumb/v6-m/libgcc.a
LOAD /home/test/nrf5/gcc-arm-none-eabi-7-2018-q2-update/bin/../lib/gcc/arm-none-eabi/7.3.1/../../../../arm-none-eabi/lib/thumb/v6-m/libc_nano.a
END GROUP
START GROUP
LOAD /home/test/nrf5/gcc-arm-none-eabi-7-2018-q2-update/bin/../lib/gcc/arm-none-eabi/7.3.1/thumb/v6-m/libgcc.a
LOAD /home/test/nrf5/gcc-arm-none-eabi-7-2018-q2-update/bin/../lib/gcc/arm-none-eabi/7.3.1/../../../../arm-none-eabi/lib/thumb/v6-m/libc_nano.a
END GROUP
LOAD /home/test/nrf5/gcc-arm-none-eabi-7-2018-q2-update/bin/../lib/gcc/arm-none-eabi/7.3.1/thumb/v6-m/crtend.o
LOAD /home/test/nrf5/gcc-arm-none-eabi-7-2018-q2-update/bin/../lib/gcc/arm-none-eabi/7.3.1/thumb/v6-m/crtn.o
START GROUP
LOAD /home/test/nrf5/gcc-arm-none-eabi-7-2018-q2-update/bin/../lib/gcc/arm-none-eabi/7.3.1/thumb/v6-m/libgcc.a
LOAD /home/test/nrf5/gcc-arm-none-eabi-7-2018-q2-update/bin/../lib/gcc/arm-none-eabi/7.3.1/../../../../arm-none-eabi/lib/thumb/v6-m/libc.a
LOAD /home/test/nrf5/gcc-arm-none-eabi-7-2018-q2-update/bin/../lib/gcc/arm-none-eabi/7.3.1/../../../../arm-none-eabi/lib/thumb/v6-m/libnosys.a
END GROUP

.text           0x0000000000000000      0xc18
 *(.isr_vector)
 .isr_vector    0x0000000000000000       0xc0 _build/nrf51822_xxaa_gcc_startup_nrf51.S.o
                0x0000000000000000                __isr_vector
 *(.text*)
 .text          0x00000000000000c0       0x48 /home/test/nrf5/gcc-arm-none-eabi-7-2018-q2-update/bin/../lib/gcc/arm-none-eabi/7.3.1/thumb/v6-m/crtbegin.o
 .text          0x0000000000000108       0x78 /home/test/nrf5/gcc-arm-none-eabi-7-2018-q2-update/bin/../lib/gcc/arm-none-eabi/7.3.1/../../../../arm-none-eabi/lib/thumb/v6-m/crt0.o
                0x0000000000000108                _mainCRTStartup
                0x0000000000000108                _start
 .text.exit     0x0000000000000180       0x2c /home/test/nrf5/gcc-arm-none-eabi-7-2018-q2-update/bin/../lib/gcc/arm-none-eabi/7.3.1/../../../../arm-none-eabi/lib/thumb/v6-m/libc_nano.a(lib_a-exit.o)
                0x0000000000000180                exit
 .text.__libc_init_array
                0x00000000000001ac       0x48 /home/test/nrf5/gcc-arm-none-eabi-7-2018-q2-update/bin/../lib/gcc/arm-none-eabi/7.3.1/../../../../arm-none-eabi/lib/thumb/v6-m/libc_nano.a(lib_a-init.o)
                0x00000000000001ac                __libc_init_array
 .text.memset   0x00000000000001f4       0x10 /home/test/nrf5/gcc-arm-none-eabi-7-2018-q2-update/bin/../lib/gcc/arm-none-eabi/7.3.1/../../../../arm-none-eabi/lib/thumb/v6-m/libc_nano.a(lib_a-memset.o)
                0x00000000000001f4                memset
 .text._exit    0x0000000000000204        0x4 /home/test/nrf5/gcc-arm-none-eabi-7-2018-q2-update/bin/../lib/gcc/arm-none-eabi/7.3.1/../../../../arm-none-eabi/lib/thumb/v6-m/libnosys.a(_exit.o)
                0x0000000000000204                _exit
 .text.app_error_handler_bare
                0x0000000000000208       0x20 _build/nrf51822_xxaa_app_error.c.o
                0x0000000000000208                app_error_handler_bare
 .text.app_error_fault_handler
                0x0000000000000228       0x1c _build/nrf51822_xxaa_app_error_weak.c.o
                0x0000000000000228                app_error_fault_handler
 .text.RTC1_IRQHandler
                0x0000000000000244       0xdc _build/nrf51822_xxaa_app_timer.c.o
                0x0000000000000244                RTC1_IRQHandler
 .text.SWI0_IRQHandler
                0x0000000000000320      0x4e0 _build/nrf51822_xxaa_app_timer.c.o
                0x0000000000000320                SWI0_IRQHandler
 .text.bsp_board_led_invert
                0x0000000000000800       0x30 _build/nrf51822_xxaa_boards.c.o
                0x0000000000000800                bsp_board_led_invert
 .text.bsp_board_leds_init
                0x0000000000000830       0x3c _build/nrf51822_xxaa_boards.c.o
                0x0000000000000830                bsp_board_leds_init
 .text.POWER_CLOCK_IRQHandler
                0x000000000000086c       0x78 _build/nrf51822_xxaa_nrf_drv_clock.c.o
                0x000000000000086c                POWER_CLOCK_IRQHandler
 .text.UART0_IRQHandler
                0x00000000000008e4      0x198 _build/nrf51822_xxaa_nrf_drv_uart.c.o
                0x00000000000008e4                UART0_IRQHandler
 .text.startup.main
                0x0000000000000a7c       0x48 _build/nrf51822_xxaa_main.c.o
                0x0000000000000a7c                main
 .text          0x0000000000000ac4       0x4c _build/nrf51822_xxaa_gcc_startup_nrf51.S.o
                0x0000000000000ac4                Reset_Handler
                0x0000000000000b04                NMI_Handler
                0x0000000000000b06                HardFault_Handler
                0x0000000000000b08                SVC_Handler
                0x0000000000000b0a                PendSV_Handler
                0x0000000000000b0c                SysTick_Handler
                0x0000000000000b0e                TIMER2_IRQHandler
                0x0000000000000b0e                SPI0_TWI0_IRQHandler
                0x0000000000000b0e                RTC0_IRQHandler
                0x0000000000000b0e                GPIOTE_IRQHandler
                0x0000000000000b0e                RADIO_IRQHandler
                0x0000000000000b0e                LPCOMP_IRQHandler
                0x0000000000000b0e                SWI4_IRQHandler
                0x0000000000000b0e                TEMP_IRQHandler
                0x0000000000000b0e                QDEC_IRQHandler
                0x0000000000000b0e                SWI5_IRQHandler
                0x0000000000000b0e                TIMER0_IRQHandler
                0x0000000000000b0e                TIMER1_IRQHandler
                0x0000000000000b0e                ECB_IRQHandler
                0x0000000000000b0e                Default_Handler
                0x0000000000000b0e                ADC_IRQHandler
                0x0000000000000b0e                SWI3_IRQHandler
                0x0000000000000b0e                CCM_AAR_IRQHandler
                0x0000000000000b0e                WDT_IRQHandler
                0x0000000000000b0e                SWI2_IRQHandler
                0x0000000000000b0e                RNG_IRQHandler
                0x0000000000000b0e                SPI1_TWI1_IRQHandler
                0x0000000000000b0e                SWI1_IRQHandler
 .text.SystemInit
                0x0000000000000b10       0xe4 _build/nrf51822_xxaa_system_nrf51.c.o
                0x0000000000000b10                SystemInit
 *(.init)
 .init          0x0000000000000bf4        0x4 /home/test/nrf5/gcc-arm-none-eabi-7-2018-q2-update/bin/../lib/gcc/arm-none-eabi/7.3.1/thumb/v6-m/crti.o
                0x0000000000000bf4                _init
 .init          0x0000000000000bf8        0x8 /home/test/nrf5/gcc-arm-none-eabi-7-2018-q2-update/bin/../lib/gcc/arm-none-eabi/7.3.1/thumb/v6-m/crtn.o
 *(.fini)
 .fini          0x0000000000000c00        0x4 /home/test/nrf5/gcc-arm-none-eabi-7-2018-q2-update/bin/../lib/gcc/arm-none-eabi/7.3.1/thumb/v6-m/crti.o
                0x0000000000000c00                _fini
 .fini          0x0000000000000c04        0x8 /home/test/nrf5/gcc-arm-none-eabi-7-2018-q2-update/bin/../lib/gcc/arm-none-eabi/7.3.1/thumb/v6-m/crtn.o
 *crtbegin.o(.ctors)
 *crtbegin?.o(.ctors)
 *(EXCLUDE_FILE(*crtend.o *crtend?.o) .ctors)
 *(SORT_BY_NAME(.ctors.*))
 *(.ctors)
 *crtbegin.o(.dtors)
 *crtbegin?.o(.dtors)
 *(EXCLUDE_FILE(*crtend.o *crtend?.o) .dtors)
 *(SORT_BY_NAME(.dtors.*))
 *(.dtors)
 *(.rodata*)
 .rodata._global_impure_ptr
                0x0000000000000c0c        0x4 /home/test/nrf5/gcc-arm-none-eabi-7-2018-q2-update/bin/../lib/gcc/arm-none-eabi/7.3.1/../../../../arm-none-eabi/lib/thumb/v6-m/libc_nano.a(lib_a-impure.o)
                0x0000000000000c0c                _global_impure_ptr
 .rodata.m_board_led_list
                0x0000000000000c10        0x4 _build/nrf51822_xxaa_boards.c.o
 *(.eh_frame*)
 .eh_frame      0x0000000000000c14        0x0 /home/test/nrf5/gcc-arm-none-eabi-7-2018-q2-update/bin/../lib/gcc/arm-none-eabi/7.3.1/thumb/v6-m/crtbegin.o
 .eh_frame      0x0000000000000c14        0x4 /home/test/nrf5/gcc-arm-none-eabi-7-2018-q2-update/bin/../lib/gcc/arm-none-eabi/7.3.1/thumb/v6-m/crtend.o

.glue_7         0x0000000000000c18        0x0
 .glue_7        0x0000000000000c18        0x0 linker stubs

.glue_7t        0x0000000000000c18        0x0
 .glue_7t       0x0000000000000c18        0x0 linker stubs

.vfp11_veneer   0x0000000000000c18        0x0
 .vfp11_veneer  0x0000000000000c18        0x0 linker stubs

.v4_bx          0x0000000000000c18        0x0
 .v4_bx         0x0000000000000c18        0x0 linker stubs

.iplt           0x0000000000000c18        0x0
 .iplt          0x0000000000000c18        0x0 /home/test/nrf5/gcc-arm-none-eabi-7-2018-q2-update/bin/../lib/gcc/arm-none-eabi/7.3.1/thumb/v6-m/crtbegin.o

.ARM.extab
 *(.ARM.extab* .gnu.linkonce.armextab.*)
                0x0000000000000c18                __exidx_start = .

.ARM.exidx      0x0000000000000c18        0x8
 *(.ARM.exidx* .gnu.linkonce.armexidx.*)
 .ARM.exidx     0x0000000000000c18        0x8 /home/test/nrf5/gcc-arm-none-eabi-7-2018-q2-update/bin/../lib/gcc/arm-none-eabi/7.3.1/../../../../arm-none-eabi/lib/thumb/v6-m/crt0.o
                0x0000000000000c20                __exidx_end = .
                0x0000000000000c20                __etext = .

.rel.dyn        0x0000000000000c20        0x0
 .rel.iplt      0x0000000000000c20        0x0 /home/test/nrf5/gcc-arm-none-eabi-7-2018-q2-update/bin/../lib/gcc/arm-none-eabi/7.3.1/thumb/v6-m/crtbegin.o

.data           0x0000000020000000       0x6c load address 0x0000000000000c20
                0x0000000020000000                __data_start__ = .
 *(vtable)
 *(.data*)
 .data.impure_data
                0x0000000020000000       0x60 /home/test/nrf5/gcc-arm-none-eabi-7-2018-q2-update/bin/../lib/gcc/arm-none-eabi/7.3.1/../../../../arm-none-eabi/lib/thumb/v6-m/libc_nano.a(lib_a-impure.o)
 .data.SystemCoreClock
                0x0000000020000060        0x4 _build/nrf51822_xxaa_system_nrf51.c.o
                0x0000000020000060                SystemCoreClock
                0x0000000020000064                . = ALIGN (0x4)
                0x0000000020000064                PROVIDE (__preinit_array_start = .)
 *(.preinit_array)
                0x0000000020000064                PROVIDE (__preinit_array_end = .)
                0x0000000020000064                . = ALIGN (0x4)
                0x0000000020000064                PROVIDE (__init_array_start = .)
 *(SORT_BY_NAME(.init_array.*))
 *(.init_array)
 .init_array    0x0000000020000064        0x4 /home/test/nrf5/gcc-arm-none-eabi-7-2018-q2-update/bin/../lib/gcc/arm-none-eabi/7.3.1/thumb/v6-m/crtbegin.o
                0x0000000020000068                PROVIDE (__init_array_end = .)
                0x0000000020000068                . = ALIGN (0x4)
                [!provide]                        PROVIDE (__fini_array_start = .)
 *(SORT_BY_NAME(.fini_array.*))
 *(.fini_array)
 .fini_array    0x0000000020000068        0x4 /home/test/nrf5/gcc-arm-none-eabi-7-2018-q2-update/bin/../lib/gcc/arm-none-eabi/7.3.1/thumb/v6-m/crtbegin.o
                [!provide]                        PROVIDE (__fini_array_end = .)
 *(.jcr*)
                0x000000002000006c                . = ALIGN (0x4)
                0x000000002000006c                __data_end__ = .

.igot.plt       0x000000002000006c        0x0 load address 0x0000000000000c8c
 .igot.plt      0x000000002000006c        0x0 /home/test/nrf5/gcc-arm-none-eabi-7-2018-q2-update/bin/../lib/gcc/arm-none-eabi/7.3.1/thumb/v6-m/crtbegin.o

.bss            0x000000002000006c       0x70 load address 0x0000000000000c8c
                0x000000002000006c                . = ALIGN (0x4)
                0x000000002000006c                __bss_start__ = .
 *(.bss*)
 .bss           0x000000002000006c       0x1c /home/test/nrf5/gcc-arm-none-eabi-7-2018-q2-update/bin/../lib/gcc/arm-none-eabi/7.3.1/thumb/v6-m/crtbegin.o
 .bss.m_evt_schedule_func
                0x0000000020000088        0x4 _build/nrf51822_xxaa_app_timer.c.o
 .bss.m_op_queue
                0x000000002000008c        0x8 _build/nrf51822_xxaa_app_timer.c.o
 .bss.m_rtc1_reset
                0x0000000020000094        0x1 _build/nrf51822_xxaa_app_timer.c.o
 .bss.m_rtc1_running
                0x0000000020000095        0x1 _build/nrf51822_xxaa_app_timer.c.o
 *fill*         0x0000000020000096        0x2 
 .bss.m_ticks_elapsed
                0x0000000020000098        0x8 _build/nrf51822_xxaa_app_timer.c.o
 .bss.m_ticks_elapsed_q_read_ind
                0x00000000200000a0        0x1 _build/nrf51822_xxaa_app_timer.c.o
 .bss.m_ticks_elapsed_q_write_ind
                0x00000000200000a1        0x1 _build/nrf51822_xxaa_app_timer.c.o
 *fill*         0x00000000200000a2        0x2 
 .bss.m_ticks_latest
                0x00000000200000a4        0x4 _build/nrf51822_xxaa_app_timer.c.o
 .bss.mp_timer_id_head
                0x00000000200000a8        0x4 _build/nrf51822_xxaa_app_timer.c.o
 .bss.m_clock_cb
                0x00000000200000ac       0x14 _build/nrf51822_xxaa_nrf_drv_clock.c.o
 .bss.m_cb      0x00000000200000c0       0x1c _build/nrf51822_xxaa_nrf_drv_uart.c.o
 *(COMMON)
                0x00000000200000dc                . = ALIGN (0x4)
                0x00000000200000dc                __bss_end__ = .

.heap           0x00000000200000e0      0x800
                0x00000000200000e0                __HeapBase = .
                0x00000000200000e0                __end__ = .
                [!provide]                        PROVIDE (end = .)
 *(.heap*)
 .heap          0x00000000200000e0      0x800 _build/nrf51822_xxaa_gcc_startup_nrf51.S.o
                0x00000000200008e0                __HeapLimit = .

.stack_dummy    0x00000000200000e0      0x800
 *(.stack*)
 .stack         0x00000000200000e0      0x800 _build/nrf51822_xxaa_gcc_startup_nrf51.S.o
                0x0000000020004000                __StackTop = (ORIGIN (RAM) + LENGTH (RAM))
                0x0000000020003800                __StackLimit = (__StackTop - SIZEOF (.stack_dummy))
                0x0000000020004000                PROVIDE (__stack = __StackTop)
                0x0000000000000001                ASSERT ((__StackLimit >= __HeapLimit), region RAM overflowed with stack)
OUTPUT(_build/nrf51822_xxaa.out elf32-littlearm)

.ARM.attributes
                0x0000000000000000       0x28
 .ARM.attributes
                0x0000000000000000       0x1e /home/test/nrf5/gcc-arm-none-eabi-7-2018-q2-update/bin/../lib/gcc/arm-none-eabi/7.3.1/thumb/v6-m/crti.o
 .ARM.attributes
                0x000000000000001e       0x2c /home/test/nrf5/gcc-arm-none-eabi-7-2018-q2-update/bin/../lib/gcc/arm-none-eabi/7.3.1/thumb/v6-m/crtbegin.o
 .ARM.attributes
                0x000000000000004a       0x1b /home/test/nrf5/gcc-arm-none-eabi-7-2018-q2-update/bin/../lib/gcc/arm-none-eabi/7.3.1/../../../../arm-none-eabi/lib/thumb/v6-m/crt0.o
 .ARM.attributes
                0x0000000000000065       0x2c /home/test/nrf5/gcc-arm-none-eabi-7-2018-q2-update/bin/../lib/gcc/arm-none-eabi/7.3.1/../../../../arm-none-eabi/lib/thumb/v6-m/libc_nano.a(lib_a-exit.o)
 .ARM.attributes
                0x0000000000000091       0x2c /home/test/nrf5/gcc-arm-none-eabi-7-2018-q2-update/bin/../lib/gcc/arm-none-eabi/7.3.1/../../../../arm-none-eabi/lib/thumb/v6-m/libc_nano.a(lib_a-impure.o)
 .ARM.attributes
                0x00000000000000bd       0x2c /home/test/nrf5/gcc-arm-none-eabi-7-2018-q2-update/bin/../lib/gcc/arm-none-eabi/7.3.1/../../../../arm-none-eabi/lib/thumb/v6-m/libc_nano.a(lib_a-init.o)
 .ARM.attributes
                0x00000000000000e9       0x2c /home/test/nrf5/gcc-arm-none-eabi-7-2018-q2-update/bin/../lib/gcc/arm-none-eabi/7.3.1/../../../../arm-none-eabi/lib/thumb/v6-m/libc_nano.a(lib_a-memset.o)
 .ARM.attributes
                0x0000000000000115       0x2c /home/test/nrf5/gcc-arm-none-eabi-7-2018-q2-update/bin/../lib/gcc/arm-none-eabi/7.3.1/../../../../arm-none-eabi/lib/thumb/v6-m/libnosys.a(_exit.o)
 .ARM.attributes
                0x0000000000000141       0x31 _build/nrf51822_xxaa_app_error.c.o
 .ARM.attributes
                0x0000000000000172       0x31 _build/nrf51822_xxaa_app_error_weak.c.o
 .ARM.attributes
                0x00000000000001a3       0x31 _build/nrf51822_xxaa_app_timer.c.o
 .ARM.attributes
                0x00000000000001d4       0x31 _build/nrf51822_xxaa_boards.c.o
 .ARM.attributes
                0x0000000000000205       0x31 _build/nrf51822_xxaa_nrf_drv_clock.c.o
 .ARM.attributes
                0x0000000000000236       0x31 _build/nrf51822_xxaa_nrf_drv_uart.c.o
 .ARM.attributes
                0x0000000000000267       0x31 _build/nrf51822_xxaa_main.c.o
 .ARM.attributes
                0x0000000000000298       0x1b _build/nrf51822_xxaa_gcc_startup_nrf51.S.o
 .ARM.attributes
                0x00000000000002b3       0x31 _build/nrf51822_xxaa_system_nrf51.c.o
 .ARM.attributes
                0x00000000000002e4       0x2c /home/test/nrf5/gcc-arm-none-eabi-7-2018-q2-update/bin/../lib/gcc/arm-none-eabi/7.3.1/thumb/v6-m/crtend.o
 .ARM.attributes
                0x0000000000000310       0x1e /home/test/nrf5/gcc-arm-none-eabi-7-2018-q2-update/bin/../lib/gcc/arm-none-eabi/7.3.1/thumb/v6-m/crtn.o

.comment        0x0000000000000000       0x7f
 .comment       0x0000000000000000       0x7f _build/nrf51822_xxaa_app_error.c.o
                                         0x80 (size before relaxing)
 .comment       0x000000000000007f       0x80 _build/nrf51822_xxaa_app_error_weak.c.o
 .comment       0x000000000000007f       0x80 _build/nrf51822_xxaa_app_timer.c.o
 .comment       0x000000000000007f       0x80 _build/nrf51822_xxaa_boards.c.o
 .comment       0x000000000000007f       0x80 _build/nrf51822_xxaa_nrf_drv_clock.c.o
 .comment       0x000000000000007f       0x80 _build/nrf51822_xxaa_nrf_drv_uart.c.o
 .comment       0x000000000000007f       0x80 _build/nrf51822_xxaa_main.c.o
 .comment       0x000000000000007f       0x80 _build/nrf51822_xxaa_system_nrf51.c.o

.debug_frame    0x0000000000000000      0x5d4
 .debug_frame   0x0000000000000000       0x28 /home/test/nrf5/gcc-arm-none-eabi-7-2018-q2-update/bin/../lib/gcc/arm-none-eabi/7.3.1/../../../../arm-none-eabi/lib/thumb/v6-m/libc_nano.a(lib_a-exit.o)
 .debug_frame   0x0000000000000028       0x2c /home/test/nrf5/gcc-arm-none-eabi-7-2018-q2-update/bin/../lib/gcc/arm-none-eabi/7.3.1/../../../../arm-none-eabi/lib/thumb/v6-m/libc_nano.a(lib_a-init.o)
 .debug_frame   0x0000000000000054       0x20 /home/test/nrf5/gcc-arm-none-eabi-7-2018-q2-update/bin/../lib/gcc/arm-none-eabi/7.3.1/../../../../arm-none-eabi/lib/thumb/v6-m/libc_nano.a(lib_a-memset.o)
 .debug_frame   0x0000000000000074       0x20 /home/test/nrf5/gcc-arm-none-eabi-7-2018-q2-update/bin/../lib/gcc/arm-none-eabi/7.3.1/../../../../arm-none-eabi/lib/thumb/v6-m/libnosys.a(_exit.o)
 .debug_frame   0x0000000000000094       0x5c _build/nrf51822_xxaa_app_error.c.o
 .debug_frame   0x00000000000000f0       0x20 _build/nrf51822_xxaa_app_error_weak.c.o
 .debug_frame   0x0000000000000110      0x110 _build/nrf51822_xxaa_app_timer.c.o
 .debug_frame   0x0000000000000220       0xe8 _build/nrf51822_xxaa_boards.c.o
 .debug_frame   0x0000000000000308      0x120 _build/nrf51822_xxaa_nrf_drv_clock.c.o
 .debug_frame   0x0000000000000428      0x14c _build/nrf51822_xxaa_nrf_drv_uart.c.o
 .debug_frame   0x0000000000000574       0x30 _build/nrf51822_xxaa_main.c.o
 .debug_frame   0x00000000000005a4       0x30 _build/nrf51822_xxaa_system_nrf51.c.o

.debug_info     0x0000000000000000     0xa2aa
 .debug_info    0x0000000000000000      0xb47 _build/nrf51822_xxaa_app_error.c.o
 .debug_info    0x0000000000000b47      0xa12 _build/nrf51822_xxaa_app_error_weak.c.o
 .debug_info    0x0000000000001559     0x22c9 _build/nrf51822_xxaa_app_timer.c.o
 .debug_info    0x0000000000003822     0x13ce _build/nrf51822_xxaa_boards.c.o
 .debug_info    0x0000000000004bf0     0x1872 _build/nrf51822_xxaa_nrf_drv_clock.c.o
 .debug_info    0x0000000000006462     0x32ca _build/nrf51822_xxaa_nrf_drv_uart.c.o
 .debug_info    0x000000000000972c      0x99c _build/nrf51822_xxaa_main.c.o
 .debug_info    0x000000000000a0c8      0x1e2 _build/nrf51822_xxaa_system_nrf51.c.o

.debug_abbrev   0x0000000000000000     0x18e4
 .debug_abbrev  0x0000000000000000      0x235 _build/nrf51822_xxaa_app_error.c.o
 .debug_abbrev  0x0000000000000235      0x20d _build/nrf51822_xxaa_app_error_weak.c.o
 .debug_abbrev  0x0000000000000442      0x488 _build/nrf51822_xxaa_app_timer.c.o
 .debug_abbrev  0x00000000000008ca      0x386 _build/nrf51822_xxaa_boards.c.o
 .debug_abbrev  0x0000000000000c50      0x4b8 _build/nrf51822_xxaa_nrf_drv_clock.c.o
 .debug_abbrev  0x0000000000001108      0x472 _build/nrf51822_xxaa_nrf_drv_uart.c.o
 .debug_abbrev  0x000000000000157a      0x25f _build/nrf51822_xxaa_main.c.o
 .debug_abbrev  0x00000000000017d9      0x10b _build/nrf51822_xxaa_system_nrf51.c.o

.debug_loc      0x0000000000000000     0x3561
 .debug_loc     0x0000000000000000      0x149 _build/nrf51822_xxaa_app_error.c.o
 .debug_loc     0x0000000000000149       0x21 _build/nrf51822_xxaa_app_error_weak.c.o
 .debug_loc     0x000000000000016a     0x1008 _build/nrf51822_xxaa_app_timer.c.o
 .debug_loc     0x0000000000001172      0x8b3 _build/nrf51822_xxaa_boards.c.o
 .debug_loc     0x0000000000001a25      0x406 _build/nrf51822_xxaa_nrf_drv_clock.c.o
 .debug_loc     0x0000000000001e2b     0x16e9 _build/nrf51822_xxaa_nrf_drv_uart.c.o
 .debug_loc     0x0000000000003514       0x4d _build/nrf51822_xxaa_main.c.o

.debug_aranges  0x0000000000000000      0x268
 .debug_aranges
                0x0000000000000000       0x30 _build/nrf51822_xxaa_app_error.c.o
 .debug_aranges
                0x0000000000000030       0x20 _build/nrf51822_xxaa_app_error_weak.c.o
 .debug_aranges
                0x0000000000000050       0x60 _build/nrf51822_xxaa_app_timer.c.o
 .debug_aranges
                0x00000000000000b0       0x80 _build/nrf51822_xxaa_boards.c.o
 .debug_aranges
                0x0000000000000130       0x80 _build/nrf51822_xxaa_nrf_drv_clock.c.o
 .debug_aranges
                0x00000000000001b0       0x70 _build/nrf51822_xxaa_nrf_drv_uart.c.o
 .debug_aranges
                0x0000000000000220       0x20 _build/nrf51822_xxaa_main.c.o
 .debug_aranges
                0x0000000000000240       0x28 _build/nrf51822_xxaa_system_nrf51.c.o

.debug_ranges   0x0000000000000000      0xf38
 .debug_ranges  0x0000000000000000       0x20 _build/nrf51822_xxaa_app_error.c.o
 .debug_ranges  0x0000000000000020       0x10 _build/nrf51822_xxaa_app_error_weak.c.o
 .debug_ranges  0x0000000000000030      0x550 _build/nrf51822_xxaa_app_timer.c.o
 .debug_ranges  0x0000000000000580      0x150 _build/nrf51822_xxaa_boards.c.o
 .debug_ranges  0x00000000000006d0      0x2d8 _build/nrf51822_xxaa_nrf_drv_clock.c.o
 .debug_ranges  0x00000000000009a8      0x500 _build/nrf51822_xxaa_nrf_drv_uart.c.o
 .debug_ranges  0x0000000000000ea8       0x28 _build/nrf51822_xxaa_main.c.o
 .debug_ranges  0x0000000000000ed0       0x68 _build/nrf51822_xxaa_system_nrf51.c.o

.debug_macro    0x0000000000000000     0x253d
 .debug_macro   0x0000000000000000      0x28f _build/nrf51822_xxaa_app_error.c.o
 .debug_macro   0x000000000000028f       0x34 _build/nrf51822_xxaa_app_error.c.o
 .debug_macro   0x00000000000002c3       0x22 _build/nrf51822_xxaa_app_error.c.o
 .debug_macro   0x00000000000002e5       0x16 _build/nrf51822_xxaa_app_error.c.o
 .debug_macro   0x00000000000002fb       0x97 _build/nrf51822_xxaa_app_error.c.o
 .debug_macro   0x0000000000000392       0xf6 _build/nrf51822_xxaa_app_error.c.o
 .debug_macro   0x0000000000000488       0x10 _build/nrf51822_xxaa_app_error.c.o
 .debug_macro   0x0000000000000498       0x10 _build/nrf51822_xxaa_app_error.c.o
 .debug_macro   0x00000000000004a8       0xb6 _build/nrf51822_xxaa_app_error.c.o
 .debug_macro   0x000000000000055e       0x16 _build/nrf51822_xxaa_app_error.c.o
 .debug_macro   0x0000000000000574      0x129 _build/nrf51822_xxaa_app_error.c.o
 .debug_macro   0x000000000000069d       0x2b _build/nrf51822_xxaa_app_error.c.o
 .debug_macro   0x00000000000006c8       0x22 _build/nrf51822_xxaa_app_error.c.o
 .debug_macro   0x00000000000006ea       0x16 _build/nrf51822_xxaa_app_error.c.o
 .debug_macro   0x0000000000000700      0x39b _build/nrf51822_xxaa_app_error.c.o
 .debug_macro   0x0000000000000a9b      0x170 _build/nrf51822_xxaa_app_error.c.o
 .debug_macro   0x0000000000000c0b       0x5a _build/nrf51822_xxaa_app_error.c.o
 .debug_macro   0x0000000000000c65       0x28 _build/nrf51822_xxaa_app_error.c.o
 .debug_macro   0x0000000000000c8d       0x22 _build/nrf51822_xxaa_app_error.c.o
 .debug_macro   0x0000000000000caf      0x28f _build/nrf51822_xxaa_app_error_weak.c.o
 .debug_macro   0x0000000000000f3e       0x1c _build/nrf51822_xxaa_app_error_weak.c.o
 .debug_macro   0x0000000000000f5a      0x2fc _build/nrf51822_xxaa_app_timer.c.o
 .debug_macro   0x0000000000001256       0x1c _build/nrf51822_xxaa_app_timer.c.o
 .debug_macro   0x0000000000001272       0x36 _build/nrf51822_xxaa_app_timer.c.o
 .debug_macro   0x00000000000012a8       0x16 _build/nrf51822_xxaa_app_timer.c.o
 .debug_macro   0x00000000000012be       0x22 _build/nrf51822_xxaa_app_timer.c.o
 .debug_macro   0x00000000000012e0       0x10 _build/nrf51822_xxaa_app_timer.c.o
 .debug_macro   0x00000000000012f0       0x10 _build/nrf51822_xxaa_app_timer.c.o
 .debug_macro   0x0000000000001300       0x72 _build/nrf51822_xxaa_app_timer.c.o
 .debug_macro   0x0000000000001372      0x286 _build/nrf51822_xxaa_boards.c.o
 .debug_macro   0x00000000000015f8      0x168 _build/nrf51822_xxaa_boards.c.o
 .debug_macro   0x0000000000001760       0x16 _build/nrf51822_xxaa_boards.c.o
 .debug_macro   0x0000000000001776      0x246 _build/nrf51822_xxaa_boards.c.o
 .debug_macro   0x00000000000019bc      0x115 _build/nrf51822_xxaa_boards.c.o
 .debug_macro   0x0000000000001ad1      0x316 _build/nrf51822_xxaa_nrf_drv_clock.c.o
 .debug_macro   0x0000000000001de7       0x10 _build/nrf51822_xxaa_nrf_drv_clock.c.o
 .debug_macro   0x0000000000001df7       0x28 _build/nrf51822_xxaa_nrf_drv_clock.c.o
 .debug_macro   0x0000000000001e1f       0x16 _build/nrf51822_xxaa_nrf_drv_clock.c.o
 .debug_macro   0x0000000000001e35      0x353 _build/nrf51822_xxaa_nrf_drv_uart.c.o
 .debug_macro   0x0000000000002188       0x10 _build/nrf51822_xxaa_nrf_drv_uart.c.o
 .debug_macro   0x0000000000002198       0x36 _build/nrf51822_xxaa_nrf_drv_uart.c.o
 .debug_macro   0x00000000000021ce      0x290 _build/nrf51822_xxaa_main.c.o
 .debug_macro   0x000000000000245e       0xdf _build/nrf51822_xxaa_system_nrf51.c.o

.debug_line     0x0000000000000000     0x3c64
 .debug_line    0x0000000000000000      0x5ec _build/nrf51822_xxaa_app_error.c.o
 .debug_line    0x00000000000005ec      0x5aa _build/nrf51822_xxaa_app_error_weak.c.o
 .debug_line    0x0000000000000b96      0xa87 _build/nrf51822_xxaa_app_timer.c.o
 .debug_line    0x000000000000161d      0x71f _build/nrf51822_xxaa_boards.c.o
 .debug_line    0x0000000000001d3c      0x940 _build/nrf51822_xxaa_nrf_drv_clock.c.o
 .debug_line    0x000000000000267c      0xccc _build/nrf51822_xxaa_nrf_drv_uart.c.o
 .debug_line    0x0000000000003348      0x5c9 _build/nrf51822_xxaa_main.c.o
 .debug_line    0x0000000000003911      0x353 _build/nrf51822_xxaa_system_nrf51.c.o

.debug_str      0x0000000000000000    0x386dd
 .debug_str     0x0000000000000000    0x341cd _build/nrf51822_xxaa_app_error.c.o
                                      0x344bf (size before relaxing)
 .debug_str     0x00000000000341cd       0xab _build/nrf51822_xxaa_app_error_weak.c.o
                                      0x3440c (size before relaxing)
 .debug_str     0x0000000000034278     0x11d5 _build/nrf51822_xxaa_app_timer.c.o
                                      0x33e0d (size before relaxing)
 .debug_str     0x000000000003544d     0x1737 _build/nrf51822_xxaa_boards.c.o
                                      0x30f89 (size before relaxing)
 .debug_str     0x0000000000036b84      0xacf _build/nrf51822_xxaa_nrf_drv_clock.c.o
                                      0x3531d (size before relaxing)
 .debug_str     0x0000000000037653      0xf3e _build/nrf51822_xxaa_nrf_drv_uart.c.o
                                      0x360a5 (size before relaxing)
 .debug_str     0x0000000000038591       0x2f _build/nrf51822_xxaa_main.c.o
                                      0x30adc (size before relaxing)
 .debug_str     0x00000000000385c0      0x11d _build/nrf51822_xxaa_system_nrf51.c.o
                                      0x2a73d (size before relaxing)
